Archive member included to satisfy reference by file (symbol)

/usr/lib/gcc/arm-none-eabi/10.3.1/../../../arm-none-eabi/lib/thumb/v7e-m+fp/hard/libc_nano.a(lib_a-atexit.o)
                              /usr/lib/gcc/arm-none-eabi/10.3.1/../../../arm-none-eabi/lib/thumb/v7e-m+fp/hard/crt0.o (atexit)
/usr/lib/gcc/arm-none-eabi/10.3.1/../../../arm-none-eabi/lib/thumb/v7e-m+fp/hard/libc_nano.a(lib_a-errno.o)
                              build/sysmem.o (__errno)
/usr/lib/gcc/arm-none-eabi/10.3.1/../../../arm-none-eabi/lib/thumb/v7e-m+fp/hard/libc_nano.a(lib_a-exit.o)
                              /usr/lib/gcc/arm-none-eabi/10.3.1/../../../arm-none-eabi/lib/thumb/v7e-m+fp/hard/crt0.o (exit)
/usr/lib/gcc/arm-none-eabi/10.3.1/../../../arm-none-eabi/lib/thumb/v7e-m+fp/hard/libc_nano.a(lib_a-fini.o)
                              /usr/lib/gcc/arm-none-eabi/10.3.1/../../../arm-none-eabi/lib/thumb/v7e-m+fp/hard/crt0.o (__libc_fini_array)
/usr/lib/gcc/arm-none-eabi/10.3.1/../../../arm-none-eabi/lib/thumb/v7e-m+fp/hard/libc_nano.a(lib_a-impure.o)
                              /usr/lib/gcc/arm-none-eabi/10.3.1/../../../arm-none-eabi/lib/thumb/v7e-m+fp/hard/libc_nano.a(lib_a-exit.o) (_global_impure_ptr)
/usr/lib/gcc/arm-none-eabi/10.3.1/../../../arm-none-eabi/lib/thumb/v7e-m+fp/hard/libc_nano.a(lib_a-init.o)
                              /usr/lib/gcc/arm-none-eabi/10.3.1/../../../arm-none-eabi/lib/thumb/v7e-m+fp/hard/crt0.o (__libc_init_array)
/usr/lib/gcc/arm-none-eabi/10.3.1/../../../arm-none-eabi/lib/thumb/v7e-m+fp/hard/libc_nano.a(lib_a-memset.o)
                              /usr/lib/gcc/arm-none-eabi/10.3.1/../../../arm-none-eabi/lib/thumb/v7e-m+fp/hard/crt0.o (memset)
/usr/lib/gcc/arm-none-eabi/10.3.1/../../../arm-none-eabi/lib/thumb/v7e-m+fp/hard/libc_nano.a(lib_a-__atexit.o)
                              /usr/lib/gcc/arm-none-eabi/10.3.1/../../../arm-none-eabi/lib/thumb/v7e-m+fp/hard/libc_nano.a(lib_a-atexit.o) (__register_exitproc)
/usr/lib/gcc/arm-none-eabi/10.3.1/../../../arm-none-eabi/lib/thumb/v7e-m+fp/hard/libc_nano.a(lib_a-__call_atexit.o)
                              /usr/lib/gcc/arm-none-eabi/10.3.1/../../../arm-none-eabi/lib/thumb/v7e-m+fp/hard/libc_nano.a(lib_a-__atexit.o) (__call_exitprocs)
/usr/lib/gcc/arm-none-eabi/10.3.1/thumb/v7e-m+fp/hard/libgcc.a(_aeabi_uldivmod.o)
                              build/stm32g4xx_hal_uart.o (__aeabi_uldivmod)
/usr/lib/gcc/arm-none-eabi/10.3.1/thumb/v7e-m+fp/hard/libgcc.a(_udivmoddi4.o)
                              /usr/lib/gcc/arm-none-eabi/10.3.1/thumb/v7e-m+fp/hard/libgcc.a(_aeabi_uldivmod.o) (__udivmoddi4)
/usr/lib/gcc/arm-none-eabi/10.3.1/thumb/v7e-m+fp/hard/libgcc.a(_dvmd_tls.o)
                              /usr/lib/gcc/arm-none-eabi/10.3.1/thumb/v7e-m+fp/hard/libgcc.a(_aeabi_uldivmod.o) (__aeabi_ldiv0)

Discarded input sections

 .text          0x0000000000000000        0x0 /usr/lib/gcc/arm-none-eabi/10.3.1/thumb/v7e-m+fp/hard/crti.o
 .data          0x0000000000000000        0x0 /usr/lib/gcc/arm-none-eabi/10.3.1/thumb/v7e-m+fp/hard/crti.o
 .bss           0x0000000000000000        0x0 /usr/lib/gcc/arm-none-eabi/10.3.1/thumb/v7e-m+fp/hard/crti.o
 .data          0x0000000000000000        0x4 /usr/lib/gcc/arm-none-eabi/10.3.1/thumb/v7e-m+fp/hard/crtbegin.o
 .rodata        0x0000000000000000       0x24 /usr/lib/gcc/arm-none-eabi/10.3.1/thumb/v7e-m+fp/hard/crtbegin.o
 .text          0x0000000000000000       0x70 /usr/lib/gcc/arm-none-eabi/10.3.1/../../../arm-none-eabi/lib/thumb/v7e-m+fp/hard/crt0.o
 .data          0x0000000000000000        0x0 /usr/lib/gcc/arm-none-eabi/10.3.1/../../../arm-none-eabi/lib/thumb/v7e-m+fp/hard/crt0.o
 .bss           0x0000000000000000        0x0 /usr/lib/gcc/arm-none-eabi/10.3.1/../../../arm-none-eabi/lib/thumb/v7e-m+fp/hard/crt0.o
 .ARM.extab     0x0000000000000000        0x0 /usr/lib/gcc/arm-none-eabi/10.3.1/../../../arm-none-eabi/lib/thumb/v7e-m+fp/hard/crt0.o
 .ARM.exidx     0x0000000000000000       0x10 /usr/lib/gcc/arm-none-eabi/10.3.1/../../../arm-none-eabi/lib/thumb/v7e-m+fp/hard/crt0.o
 .debug_line    0x0000000000000000       0x87 /usr/lib/gcc/arm-none-eabi/10.3.1/../../../arm-none-eabi/lib/thumb/v7e-m+fp/hard/crt0.o
 .debug_info    0x0000000000000000       0x26 /usr/lib/gcc/arm-none-eabi/10.3.1/../../../arm-none-eabi/lib/thumb/v7e-m+fp/hard/crt0.o
 .debug_abbrev  0x0000000000000000       0x14 /usr/lib/gcc/arm-none-eabi/10.3.1/../../../arm-none-eabi/lib/thumb/v7e-m+fp/hard/crt0.o
 .debug_aranges
                0x0000000000000000       0x20 /usr/lib/gcc/arm-none-eabi/10.3.1/../../../arm-none-eabi/lib/thumb/v7e-m+fp/hard/crt0.o
 .debug_str     0x0000000000000000       0x98 /usr/lib/gcc/arm-none-eabi/10.3.1/../../../arm-none-eabi/lib/thumb/v7e-m+fp/hard/crt0.o
 .ARM.attributes
                0x0000000000000000       0x1c /usr/lib/gcc/arm-none-eabi/10.3.1/../../../arm-none-eabi/lib/thumb/v7e-m+fp/hard/crt0.o
 .text          0x0000000000000000        0x0 build/main.o
 .data          0x0000000000000000        0x0 build/main.o
[...]
Memory Configuration

Name             Origin             Length             Attributes
RAM              0x0000000020000000 0x0000000000020000 xrw
FLASH            0x0000000008000000 0x0000000000020000 xr
*default*        0x0000000000000000 0xffffffffffffffff

Linker script and memory map

LOAD /usr/lib/gcc/arm-none-eabi/10.3.1/thumb/v7e-m+fp/hard/crti.o
LOAD /usr/lib/gcc/arm-none-eabi/10.3.1/thumb/v7e-m+fp/hard/crtbegin.o
LOAD /usr/lib/gcc/arm-none-eabi/10.3.1/../../../arm-none-eabi/lib/thumb/v7e-m+fp/hard/crt0.o
LOAD build/main.o
LOAD build/stm32g4xx_it.o
LOAD build/stm32g4xx_hal_msp.o
LOAD build/stm32g4xx_hal_adc.o
LOAD build/stm32g4xx_hal_adc_ex.o
LOAD build/stm32g4xx_ll_adc.o
LOAD build/stm32g4xx_hal.o
LOAD build/stm32g4xx_hal_rcc.o
LOAD build/stm32g4xx_hal_rcc_ex.o
LOAD build/stm32g4xx_hal_flash.o
LOAD build/stm32g4xx_hal_flash_ex.o
LOAD build/stm32g4xx_hal_flash_ramfunc.o
LOAD build/stm32g4xx_hal_gpio.o
LOAD build/stm32g4xx_hal_exti.o
LOAD build/stm32g4xx_hal_dma.o
LOAD build/stm32g4xx_hal_dma_ex.o
LOAD build/stm32g4xx_hal_pwr.o
LOAD build/stm32g4xx_hal_pwr_ex.o
LOAD build/stm32g4xx_hal_cortex.o
LOAD build/stm32g4xx_hal_spi.o
LOAD build/stm32g4xx_hal_spi_ex.o
LOAD build/stm32g4xx_hal_tim.o
LOAD build/stm32g4xx_hal_tim_ex.o
LOAD build/stm32g4xx_hal_uart.o
LOAD build/stm32g4xx_hal_uart_ex.o
LOAD build/stm32g4xx_hal_pcd.o
LOAD build/stm32g4xx_hal_pcd_ex.o
LOAD build/stm32g4xx_ll_usb.o
LOAD build/system_stm32g4xx.o
LOAD build/sysmem.o
LOAD build/syscalls.o
LOAD build/startup_stm32g474xx.o
LOAD /usr/lib/gcc/arm-none-eabi/10.3.1/../../../arm-none-eabi/lib/thumb/v7e-m+fp/hard/libc_nano.a
LOAD /usr/lib/gcc/arm-none-eabi/10.3.1/../../../arm-none-eabi/lib/thumb/v7e-m+fp/hard/libm.a
LOAD /usr/lib/gcc/arm-none-eabi/10.3.1/../../../arm-none-eabi/lib/thumb/v7e-m+fp/hard/libnosys.a
START GROUP
LOAD /usr/lib/gcc/arm-none-eabi/10.3.1/thumb/v7e-m+fp/hard/libgcc.a
LOAD /usr/lib/gcc/arm-none-eabi/10.3.1/../../../arm-none-eabi/lib/thumb/v7e-m+fp/hard/libc_nano.a
END GROUP
START GROUP
LOAD /usr/lib/gcc/arm-none-eabi/10.3.1/thumb/v7e-m+fp/hard/libgcc.a
LOAD /usr/lib/gcc/arm-none-eabi/10.3.1/../../../arm-none-eabi/lib/thumb/v7e-m+fp/hard/libc_nano.a
END GROUP
LOAD /usr/lib/gcc/arm-none-eabi/10.3.1/thumb/v7e-m+fp/hard/crtend.o
LOAD /usr/lib/gcc/arm-none-eabi/10.3.1/thumb/v7e-m+fp/hard/crtn.o
                0x0000000020020000                _estack = (ORIGIN (RAM) + LENGTH (RAM))
                0x000000002001fc00                _sstack = (_estack - _Min_Stack_Size)
                0x0000000000000200                _Min_Heap_Size = 0x200
                0x0000000000000400                _Min_Stack_Size = 0x400

.isr_vector     0x0000000008000000      0x1d8
                0x0000000008000000                . = ALIGN (0x4)
 *(.isr_vector)
 .isr_vector    0x0000000008000000      0x1d8 build/startup_stm32g474xx.o
                0x0000000008000000                g_pfnVectors
                0x00000000080001d8                . = ALIGN (0x4)

.text           0x00000000080001d8     0x3e60
                0x00000000080001d8                . = ALIGN (0x4)
 *(.text)
 .text          0x00000000080001d8       0x88 /usr/lib/gcc/arm-none-eabi/10.3.1/thumb/v7e-m+fp/hard/crtbegin.o
 .text          0x0000000008000260       0x48 /usr/lib/gcc/arm-none-eabi/10.3.1/../../../arm-none-eabi/lib/thumb/v7e-m+fp/hard/libc_nano.a(lib_a-init.o)
                0x0000000008000260                __libc_init_array
 .text          0x00000000080002a8       0xa4 /usr/lib/gcc/arm-none-eabi/10.3.1/../../../arm-none-eabi/lib/thumb/v7e-m+fp/hard/libc_nano.a(lib_a-memset.o)
                0x00000000080002a8                memset
 .text          0x000000000800034c       0x30 /usr/lib/gcc/arm-none-eabi/10.3.1/thumb/v7e-m+fp/hard/libgcc.a(_aeabi_uldivmod.o)
                0x000000000800034c                __aeabi_uldivmod
 .text          0x000000000800037c      0x2d0 /usr/lib/gcc/arm-none-eabi/10.3.1/thumb/v7e-m+fp/hard/libgcc.a(_udivmoddi4.o)
                0x000000000800037c                __udivmoddi4
 .text          0x000000000800064c        0x4 /usr/lib/gcc/arm-none-eabi/10.3.1/thumb/v7e-m+fp/hard/libgcc.a(_dvmd_tls.o)
                0x000000000800064c                __aeabi_ldiv0
                0x000000000800064c                __aeabi_idiv0
 *(.text*)
 .text.MX_GPIO_Init
                0x0000000008000650       0xdc build/main.o
 .text.Error_Handler
                0x000000000800072c        0x4 build/main.o
                0x000000000800072c                Error_Handler
 .text.MX_ADC1_Init
                0x0000000008000730       0x98 build/main.o
 .text.MX_TIM1_Init
                0x00000000080007c8       0xec build/main.o
 .text.MX_USB_PCD_Init
                0x00000000080008b4       0x30 build/main.o
 .text.MX_SPI1_Init
                0x00000000080008e4       0x48 build/main.o
 .text.MX_ADC2_Init
                0x000000000800092c       0x84 build/main.o
 .text.MX_USART2_UART_Init
                0x00000000080009b0       0x64 build/main.o
 .text.SystemClock_Config
                0x0000000008000a14       0x72 build/main.o
                0x0000000008000a14                SystemClock_Config
 *fill*         0x0000000008000a86        0x2 
 .text.main     0x0000000008000a88       0xe4 build/main.o
                0x0000000008000a88                main
 .text.NMI_Handler
                0x0000000008000b6c        0x2 build/stm32g4xx_it.o
                0x0000000008000b6c                NMI_Handler
 .text.HardFault_Handler
                0x0000000008000b6e        0x2 build/stm32g4xx_it.o
                0x0000000008000b6e                HardFault_Handler
 .text.MemManage_Handler
                0x0000000008000b70        0x2 build/stm32g4xx_it.o
                0x0000000008000b70                MemManage_Handler
 .text.BusFault_Handler
                0x0000000008000b72        0x2 build/stm32g4xx_it.o
                0x0000000008000b72                BusFault_Handler
 .text.UsageFault_Handler
                0x0000000008000b74        0x2 build/stm32g4xx_it.o
                0x0000000008000b74                UsageFault_Handler
 .text.SVC_Handler
                0x0000000008000b76        0x2 build/stm32g4xx_it.o
                0x0000000008000b76                SVC_Handler
 .text.DebugMon_Handler
                0x0000000008000b78        0x2 build/stm32g4xx_it.o
                0x0000000008000b78                DebugMon_Handler
 .text.PendSV_Handler
                0x0000000008000b7a        0x2 build/stm32g4xx_it.o
                0x0000000008000b7a                PendSV_Handler
 .text.SysTick_Handler
                0x0000000008000b7c        0x8 build/stm32g4xx_it.o
                0x0000000008000b7c                SysTick_Handler
 .text.ADC1_2_IRQHandler
                0x0000000008000b84       0x18 build/stm32g4xx_it.o
                0x0000000008000b84                ADC1_2_IRQHandler
 .text.HAL_MspInit
                0x0000000008000b9c       0x38 build/stm32g4xx_hal_msp.o
                0x0000000008000b9c                HAL_MspInit
 .text.HAL_ADC_MspInit
                0x0000000008000bd4      0x154 build/stm32g4xx_hal_msp.o
                0x0000000008000bd4                HAL_ADC_MspInit
 .text.HAL_SPI_MspInit
                0x0000000008000d28       0x8c build/stm32g4xx_hal_msp.o
                0x0000000008000d28                HAL_SPI_MspInit
 .text.HAL_TIM_PWM_MspInit
                0x0000000008000db4       0x2c build/stm32g4xx_hal_msp.o
                0x0000000008000db4                HAL_TIM_PWM_MspInit
 .text.HAL_TIM_MspPostInit
                0x0000000008000de0       0x98 build/stm32g4xx_hal_msp.o
                0x0000000008000de0                HAL_TIM_MspPostInit
 .text.HAL_UART_MspInit
                0x0000000008000e78       0x84 build/stm32g4xx_hal_msp.o
                0x0000000008000e78                HAL_UART_MspInit
 .text.HAL_PCD_MspInit
                0x0000000008000efc       0x54 build/stm32g4xx_hal_msp.o
                0x0000000008000efc                HAL_PCD_MspInit
 .text.HAL_ADC_Init
                0x0000000008000f50      0x29c build/stm32g4xx_hal_adc.o
                0x0000000008000f50                HAL_ADC_Init
 .text.HAL_ADC_ConvCpltCallback
                0x00000000080011ec        0x2 build/stm32g4xx_hal_adc.o
                0x00000000080011ec                HAL_ADC_ConvCpltCallback
 .text.HAL_ADC_LevelOutOfWindowCallback
                0x00000000080011ee        0x2 build/stm32g4xx_hal_adc.o
                0x00000000080011ee                HAL_ADC_LevelOutOfWindowCallback
 .text.HAL_ADC_ErrorCallback
                0x00000000080011f0        0x2 build/stm32g4xx_hal_adc.o
                0x00000000080011f0                HAL_ADC_ErrorCallback
 *fill*         0x00000000080011f2        0x2 
 .text.HAL_ADC_IRQHandler
                0x00000000080011f4      0x2e4 build/stm32g4xx_hal_adc.o
                0x00000000080011f4                HAL_ADC_IRQHandler
 .text.HAL_ADC_ConfigChannel
                0x00000000080014d8      0x544 build/stm32g4xx_hal_adc.o
                0x00000000080014d8                HAL_ADC_ConfigChannel
 .text.HAL_ADCEx_InjectedConvCpltCallback
                0x0000000008001a1c        0x2 build/stm32g4xx_hal_adc_ex.o
                0x0000000008001a1c                HAL_ADCEx_InjectedConvCpltCallback
 .text.HAL_ADCEx_InjectedQueueOverflowCallback
                0x0000000008001a1e        0x2 build/stm32g4xx_hal_adc_ex.o
                0x0000000008001a1e                HAL_ADCEx_InjectedQueueOverflowCallback
 .text.HAL_ADCEx_LevelOutOfWindow2Callback
                0x0000000008001a20        0x2 build/stm32g4xx_hal_adc_ex.o
                0x0000000008001a20                HAL_ADCEx_LevelOutOfWindow2Callback
 .text.HAL_ADCEx_LevelOutOfWindow3Callback
                0x0000000008001a22        0x2 build/stm32g4xx_hal_adc_ex.o
                0x0000000008001a22                HAL_ADCEx_LevelOutOfWindow3Callback
 .text.HAL_ADCEx_EndOfSamplingCallback
                0x0000000008001a24        0x2 build/stm32g4xx_hal_adc_ex.o
                0x0000000008001a24                HAL_ADCEx_EndOfSamplingCallback
 *fill*         0x0000000008001a26        0x2 
 .text.HAL_ADCEx_MultiModeConfigChannel
                0x0000000008001a28      0x1d4 build/stm32g4xx_hal_adc_ex.o
                0x0000000008001a28                HAL_ADCEx_MultiModeConfigChannel
 .text.HAL_InitTick
                0x0000000008001bfc       0x50 build/stm32g4xx_hal.o
                0x0000000008001bfc                HAL_InitTick
 .text.HAL_Init
                0x0000000008001c4c       0x1e build/stm32g4xx_hal.o
                0x0000000008001c4c                HAL_Init
 *fill*         0x0000000008001c6a        0x2 
 .text.HAL_IncTick
                0x0000000008001c6c       0x18 build/stm32g4xx_hal.o
                0x0000000008001c6c                HAL_IncTick
 .text.HAL_GetTick
                0x0000000008001c84        0xc build/stm32g4xx_hal.o
                0x0000000008001c84                HAL_GetTick
 .text.RCC_GetSysClockFreqFromPLLSource
                0x0000000008001c90       0x54 build/stm32g4xx_hal_rcc.o
 .text.HAL_RCC_OscConfig
                0x0000000008001ce4      0x4e4 build/stm32g4xx_hal_rcc.o
                0x0000000008001ce4                HAL_RCC_OscConfig
 .text.HAL_RCC_GetSysClockFreq
                0x00000000080021c8       0x84 build/stm32g4xx_hal_rcc.o
                0x00000000080021c8                HAL_RCC_GetSysClockFreq
 .text.HAL_RCC_ClockConfig
                0x000000000800224c      0x1f8 build/stm32g4xx_hal_rcc.o
                0x000000000800224c                HAL_RCC_ClockConfig
 .text.HAL_RCC_GetHCLKFreq
                0x0000000008002444        0xc build/stm32g4xx_hal_rcc.o
                0x0000000008002444                HAL_RCC_GetHCLKFreq
 .text.HAL_RCC_GetPCLK1Freq
                0x0000000008002450       0x24 build/stm32g4xx_hal_rcc.o
                0x0000000008002450                HAL_RCC_GetPCLK1Freq
 .text.HAL_RCC_GetPCLK2Freq
                0x0000000008002474       0x24 build/stm32g4xx_hal_rcc.o
                0x0000000008002474                HAL_RCC_GetPCLK2Freq
 .text.HAL_RCCEx_PeriphCLKConfig
                0x0000000008002498      0x378 build/stm32g4xx_hal_rcc_ex.o
                0x0000000008002498                HAL_RCCEx_PeriphCLKConfig
 .text.HAL_GPIO_Init
                0x0000000008002810      0x1e0 build/stm32g4xx_hal_gpio.o
                0x0000000008002810                HAL_GPIO_Init
 .text.HAL_GPIO_ReadPin
                0x00000000080029f0        0xe build/stm32g4xx_hal_gpio.o
                0x00000000080029f0                HAL_GPIO_ReadPin
 .text.HAL_GPIO_WritePin
                0x00000000080029fe        0xa build/stm32g4xx_hal_gpio.o
                0x00000000080029fe                HAL_GPIO_WritePin
 .text.HAL_PWREx_ControlVoltageScaling
                0x0000000008002a08      0x10c build/stm32g4xx_hal_pwr_ex.o
                0x0000000008002a08                HAL_PWREx_ControlVoltageScaling
 .text.HAL_PWREx_DisableUCPDDeadBattery
                0x0000000008002b14       0x10 build/stm32g4xx_hal_pwr_ex.o
                0x0000000008002b14                HAL_PWREx_DisableUCPDDeadBattery
 .text.HAL_NVIC_SetPriorityGrouping
                0x0000000008002b24       0x24 build/stm32g4xx_hal_cortex.o
                0x0000000008002b24                HAL_NVIC_SetPriorityGrouping
 .text.HAL_NVIC_SetPriority
                0x0000000008002b48       0x70 build/stm32g4xx_hal_cortex.o
                0x0000000008002b48                HAL_NVIC_SetPriority
 .text.HAL_NVIC_EnableIRQ
                0x0000000008002bb8       0x1c build/stm32g4xx_hal_cortex.o
                0x0000000008002bb8                HAL_NVIC_EnableIRQ
 .text.HAL_SYSTICK_Config
                0x0000000008002bd4       0x28 build/stm32g4xx_hal_cortex.o
                0x0000000008002bd4                HAL_SYSTICK_Config
 .text.HAL_SPI_Init
                0x0000000008002bfc       0xe8 build/stm32g4xx_hal_spi.o
                0x0000000008002bfc                HAL_SPI_Init
 .text.TIM_OC1_SetConfig
                0x0000000008002ce4       0xb4 build/stm32g4xx_hal_tim.o
 .text.TIM_OC3_SetConfig
                0x0000000008002d98       0xa0 build/stm32g4xx_hal_tim.o
 .text.TIM_OC4_SetConfig
                0x0000000008002e38       0xa0 build/stm32g4xx_hal_tim.o
 .text.TIM_OC5_SetConfig
                0x0000000008002ed8       0x70 build/stm32g4xx_hal_tim.o
 .text.TIM_OC6_SetConfig
                0x0000000008002f48       0x74 build/stm32g4xx_hal_tim.o
 .text.TIM_Base_SetConfig
                0x0000000008002fbc       0xe8 build/stm32g4xx_hal_tim.o
                0x0000000008002fbc                TIM_Base_SetConfig
 .text.HAL_TIM_PWM_Init
                0x00000000080030a4       0x60 build/stm32g4xx_hal_tim.o
                0x00000000080030a4                HAL_TIM_PWM_Init
 .text.TIM_OC2_SetConfig
                0x0000000008003104       0xa0 build/stm32g4xx_hal_tim.o
                0x0000000008003104                TIM_OC2_SetConfig
 .text.HAL_TIM_PWM_ConfigChannel
                0x00000000080031a4      0x13a build/stm32g4xx_hal_tim.o
                0x00000000080031a4                HAL_TIM_PWM_ConfigChannel
 .text.TIM_CCxChannelCmd
                0x00000000080032de       0x1e build/stm32g4xx_hal_tim.o
                0x00000000080032de                TIM_CCxChannelCmd
 .text.HAL_TIM_PWM_Start
                0x00000000080032fc      0x170 build/stm32g4xx_hal_tim.o
                0x00000000080032fc                HAL_TIM_PWM_Start
 .text.TIM_CCxNChannelCmd
                0x000000000800346c       0x1e build/stm32g4xx_hal_tim_ex.o
 *fill*         0x000000000800348a        0x2 
 .text.HAL_TIMEx_PWMN_Start
                0x000000000800348c      0x104 build/stm32g4xx_hal_tim_ex.o
                0x000000000800348c                HAL_TIMEx_PWMN_Start
 .text.HAL_TIMEx_MasterConfigSynchronization
                0x0000000008003590       0xac build/stm32g4xx_hal_tim_ex.o
                0x0000000008003590                HAL_TIMEx_MasterConfigSynchronization
 .text.HAL_TIMEx_ConfigBreakDeadTime
                0x000000000800363c       0xa8 build/stm32g4xx_hal_tim_ex.o
                0x000000000800363c                HAL_TIMEx_ConfigBreakDeadTime
 .text.UART_EndRxTransfer
                0x00000000080036e4       0x56 build/stm32g4xx_hal_uart.o
 *fill*         0x000000000800373a        0x2 
 .text.UART_SetConfig
                0x000000000800373c      0x388 build/stm32g4xx_hal_uart.o
                0x000000000800373c                UART_SetConfig
 .text.UART_AdvFeatureConfig
                0x0000000008003ac4       0xca build/stm32g4xx_hal_uart.o
                0x0000000008003ac4                UART_AdvFeatureConfig
 .text.UART_WaitOnFlagUntilTimeout
                0x0000000008003b8e       0xa2 build/stm32g4xx_hal_uart.o
                0x0000000008003b8e                UART_WaitOnFlagUntilTimeout
 .text.UART_CheckIdleState
                0x0000000008003c30       0xca build/stm32g4xx_hal_uart.o
                0x0000000008003c30                UART_CheckIdleState
 *fill*         0x0000000008003cfa        0x2 
 .text.UARTEx_SetNbDataToProcess
                0x0000000008003cfc       0x4c build/stm32g4xx_hal_uart_ex.o
 .text.HAL_RS485Ex_Init
                0x0000000008003d48       0x86 build/stm32g4xx_hal_uart_ex.o
                0x0000000008003d48                HAL_RS485Ex_Init
 .text.HAL_UARTEx_DisableFifoMode
                0x0000000008003dce       0x3e build/stm32g4xx_hal_uart_ex.o
                0x0000000008003dce                HAL_UARTEx_DisableFifoMode
 .text.HAL_UARTEx_SetTxFifoThreshold
                0x0000000008003e0c       0x4a build/stm32g4xx_hal_uart_ex.o
                0x0000000008003e0c                HAL_UARTEx_SetTxFifoThreshold
 .text.HAL_UARTEx_SetRxFifoThreshold
                0x0000000008003e56       0x4a build/stm32g4xx_hal_uart_ex.o
                0x0000000008003e56                HAL_UARTEx_SetRxFifoThreshold
 .text.HAL_PCD_Init
                0x0000000008003ea0       0xb6 build/stm32g4xx_hal_pcd.o
                0x0000000008003ea0                HAL_PCD_Init
 .text.HAL_PCDEx_ActivateLPM
                0x0000000008003f56       0x2c build/stm32g4xx_hal_pcd_ex.o
                0x0000000008003f56                HAL_PCDEx_ActivateLPM
 .text.USB_DisableGlobalInt
                0x0000000008003f82       0x14 build/stm32g4xx_ll_usb.o
                0x0000000008003f82                USB_DisableGlobalInt
 .text.USB_DevInit
                0x0000000008003f96       0x22 build/stm32g4xx_ll_usb.o
                0x0000000008003f96                USB_DevInit
 .text.SystemInit
                0x0000000008003fb8       0x14 build/system_stm32g4xx.o
                0x0000000008003fb8                SystemInit
 .text.Reset_Handler
                0x0000000008003fcc       0x50 build/startup_stm32g474xx.o
                0x0000000008003fcc                Reset_Handler
 .text.Default_Handler
                0x000000000800401c        0x2 build/startup_stm32g474xx.o
                0x000000000800401c                RTC_Alarm_IRQHandler
                0x000000000800401c                EXTI2_IRQHandler
                0x000000000800401c                TIM8_TRG_COM_IRQHandler
                0x000000000800401c                TIM8_CC_IRQHandler
                0x000000000800401c                HRTIM1_Master_IRQHandler
                0x000000000800401c                SPI4_IRQHandler
                0x000000000800401c                FDCAN3_IT0_IRQHandler
                0x000000000800401c                TIM1_CC_IRQHandler
                0x000000000800401c                HRTIM1_FLT_IRQHandler
                0x000000000800401c                HRTIM1_TIMF_IRQHandler
                0x000000000800401c                USB_HP_IRQHandler
                0x000000000800401c                CORDIC_IRQHandler
                0x000000000800401c                HRTIM1_TIMD_IRQHandler
                0x000000000800401c                DMA2_Channel8_IRQHandler
                0x000000000800401c                EXTI3_IRQHandler
                0x000000000800401c                I2C3_ER_IRQHandler
                0x000000000800401c                EXTI0_IRQHandler
                0x000000000800401c                I2C2_EV_IRQHandler
                0x000000000800401c                FPU_IRQHandler
                0x000000000800401c                FDCAN1_IT1_IRQHandler
                0x000000000800401c                TIM1_UP_TIM16_IRQHandler
                0x000000000800401c                HRTIM1_TIME_IRQHandler
                0x000000000800401c                SPI1_IRQHandler
                0x000000000800401c                TIM6_DAC_IRQHandler
                0x000000000800401c                HRTIM1_TIMC_IRQHandler
                0x000000000800401c                TIM8_UP_IRQHandler
                0x000000000800401c                DMA2_Channel2_IRQHandler
                0x000000000800401c                DMA1_Channel4_IRQHandler
                0x000000000800401c                TIM20_TRG_COM_IRQHandler
                0x000000000800401c                USART3_IRQHandler
                0x000000000800401c                DMA1_Channel7_IRQHandler
                0x000000000800401c                UART5_IRQHandler
                0x000000000800401c                ADC3_IRQHandler
                0x000000000800401c                TIM4_IRQHandler
                0x000000000800401c                DMA2_Channel1_IRQHandler
                0x000000000800401c                QUADSPI_IRQHandler
                0x000000000800401c                I2C1_EV_IRQHandler
                0x000000000800401c                DMA1_Channel6_IRQHandler
                0x000000000800401c                UART4_IRQHandler
                0x000000000800401c                DMA2_Channel4_IRQHandler
                0x000000000800401c                TIM3_IRQHandler
                0x000000000800401c                RCC_IRQHandler
                0x000000000800401c                TIM20_UP_IRQHandler
                0x000000000800401c                DMA1_Channel1_IRQHandler
                0x000000000800401c                Default_Handler
                0x000000000800401c                DMA2_Channel7_IRQHandler
                0x000000000800401c                RTC_TAMP_LSECSS_IRQHandler
                0x000000000800401c                FMAC_IRQHandler
                0x000000000800401c                EXTI15_10_IRQHandler
                0x000000000800401c                DMA1_Channel8_IRQHandler
                0x000000000800401c                HRTIM1_TIMA_IRQHandler
                0x000000000800401c                TIM7_DAC_IRQHandler
                0x000000000800401c                FDCAN3_IT1_IRQHandler
                0x000000000800401c                TIM5_IRQHandler
                0x000000000800401c                UCPD1_IRQHandler
                0x000000000800401c                I2C3_EV_IRQHandler
                0x000000000800401c                EXTI9_5_IRQHandler
                0x000000000800401c                RTC_WKUP_IRQHandler
                0x000000000800401c                PVD_PVM_IRQHandler
                0x000000000800401c                SPI2_IRQHandler
                0x000000000800401c                ADC5_IRQHandler
                0x000000000800401c                DMA2_Channel5_IRQHandler
                0x000000000800401c                CRS_IRQHandler
                0x000000000800401c                DMA1_Channel5_IRQHandler
                0x000000000800401c                USB_LP_IRQHandler
                0x000000000800401c                EXTI4_IRQHandler
                0x000000000800401c                RNG_IRQHandler
                0x000000000800401c                HRTIM1_TIMB_IRQHandler
                0x000000000800401c                TIM1_TRG_COM_TIM17_IRQHandler
                0x000000000800401c                FDCAN2_IT1_IRQHandler
                0x000000000800401c                DMA1_Channel3_IRQHandler
                0x000000000800401c                ADC4_IRQHandler
                0x000000000800401c                WWDG_IRQHandler
                0x000000000800401c                I2C4_EV_IRQHandler
                0x000000000800401c                FDCAN2_IT0_IRQHandler
                0x000000000800401c                LPUART1_IRQHandler
                0x000000000800401c                DMA2_Channel6_IRQHandler
                0x000000000800401c                FDCAN1_IT0_IRQHandler
                0x000000000800401c                TIM2_IRQHandler
                0x000000000800401c                COMP7_IRQHandler
                0x000000000800401c                COMP1_2_3_IRQHandler
                0x000000000800401c                EXTI1_IRQHandler
                0x000000000800401c                USART2_IRQHandler
                0x000000000800401c                COMP4_5_6_IRQHandler
                0x000000000800401c                TIM20_BRK_IRQHandler
                0x000000000800401c                I2C2_ER_IRQHandler
                0x000000000800401c                DMA1_Channel2_IRQHandler
                0x000000000800401c                TIM8_BRK_IRQHandler
                0x000000000800401c                FLASH_IRQHandler
                0x000000000800401c                TIM20_CC_IRQHandler
                0x000000000800401c                USART1_IRQHandler
                0x000000000800401c                SPI3_IRQHandler
                0x000000000800401c                I2C1_ER_IRQHandler
                0x000000000800401c                FMC_IRQHandler
                0x000000000800401c                LPTIM1_IRQHandler
                0x000000000800401c                DMAMUX_OVR_IRQHandler
                0x000000000800401c                I2C4_ER_IRQHandler
                0x000000000800401c                USBWakeUp_IRQHandler
                0x000000000800401c                SAI1_IRQHandler
                0x000000000800401c                DMA2_Channel3_IRQHandler
                0x000000000800401c                TIM1_BRK_TIM15_IRQHandler
 *(.glue_7)
 .glue_7        0x000000000800401e        0x0 linker stubs
 *(.glue_7t)
 .glue_7t       0x000000000800401e        0x0 linker stubs
 *(.eh_frame)
 *fill*         0x000000000800401e        0x2 
 .eh_frame      0x0000000008004020        0x0 /usr/lib/gcc/arm-none-eabi/10.3.1/thumb/v7e-m+fp/hard/crtbegin.o
 *(.init)
 .init          0x0000000008004020        0x4 /usr/lib/gcc/arm-none-eabi/10.3.1/thumb/v7e-m+fp/hard/crti.o
                0x0000000008004020                _init
 .init          0x0000000008004024        0x8 /usr/lib/gcc/arm-none-eabi/10.3.1/thumb/v7e-m+fp/hard/crtn.o
 *(.fini)
 .fini          0x000000000800402c        0x4 /usr/lib/gcc/arm-none-eabi/10.3.1/thumb/v7e-m+fp/hard/crti.o
                0x000000000800402c                _fini
 .fini          0x0000000008004030        0x8 /usr/lib/gcc/arm-none-eabi/10.3.1/thumb/v7e-m+fp/hard/crtn.o
                0x0000000008004038                . = ALIGN (0x4)
                0x0000000008004038                _etext = .

.vfp11_veneer   0x0000000008004038        0x0
 .vfp11_veneer  0x0000000008004038        0x0 linker stubs

.v4_bx          0x0000000008004038        0x0
 .v4_bx         0x0000000008004038        0x0 linker stubs

.iplt           0x0000000008004038        0x0
 .iplt          0x0000000008004038        0x0 /usr/lib/gcc/arm-none-eabi/10.3.1/thumb/v7e-m+fp/hard/crtbegin.o

.rodata         0x0000000008004038       0x40
                0x0000000008004038                . = ALIGN (0x4)
 *(.rodata)
 *(.rodata*)
 .rodata.UARTPrescTable
                0x0000000008004038       0x18 build/stm32g4xx_hal_uart.o
                0x0000000008004038                UARTPrescTable
 .rodata.denominator.0
                0x0000000008004050        0x8 build/stm32g4xx_hal_uart_ex.o
 .rodata.numerator.1
                0x0000000008004058        0x8 build/stm32g4xx_hal_uart_ex.o
 .rodata.AHBPrescTable
                0x0000000008004060       0x10 build/system_stm32g4xx.o
                0x0000000008004060                AHBPrescTable
 .rodata.APBPrescTable
                0x0000000008004070        0x8 build/system_stm32g4xx.o
                0x0000000008004070                APBPrescTable
                0x0000000008004078                . = ALIGN (0x4)

.ARM.extab      0x0000000008004078        0x0
                0x0000000008004078                . = ALIGN (0x4)
 *(.ARM.extab* .gnu.linkonce.armextab.*)
                0x0000000008004078                . = ALIGN (0x4)

.ARM            0x0000000008004078        0x8
                0x0000000008004078                . = ALIGN (0x4)
                0x0000000008004078                __exidx_start = .
 *(.ARM.exidx*)
 .ARM.exidx     0x0000000008004078        0x8 /usr/lib/gcc/arm-none-eabi/10.3.1/thumb/v7e-m+fp/hard/libgcc.a(_udivmoddi4.o)
                0x0000000008004080                __exidx_end = .
                0x0000000008004080                . = ALIGN (0x4)

.preinit_array  0x0000000008004080        0x0
                0x0000000008004080                . = ALIGN (0x4)
                0x0000000008004080                PROVIDE (__preinit_array_start = .)
 *(.preinit_array*)
                0x0000000008004080                PROVIDE (__preinit_array_end = .)
                0x0000000008004080                . = ALIGN (0x4)

.init_array     0x0000000008004080        0x4
                0x0000000008004080                . = ALIGN (0x4)
                0x0000000008004080                PROVIDE (__init_array_start = .)
 *(SORT_BY_NAME(.init_array.*))
 *(.init_array*)
 .init_array    0x0000000008004080        0x4 /usr/lib/gcc/arm-none-eabi/10.3.1/thumb/v7e-m+fp/hard/crtbegin.o
                0x0000000008004084                PROVIDE (__init_array_end = .)
                0x0000000008004084                . = ALIGN (0x4)

.fini_array     0x0000000008004084        0x4
                0x0000000008004084                . = ALIGN (0x4)
                0x0000000008004084                PROVIDE (__fini_array_start = .)
 *(SORT_BY_NAME(.fini_array.*))
 *(.fini_array*)
 .fini_array    0x0000000008004084        0x4 /usr/lib/gcc/arm-none-eabi/10.3.1/thumb/v7e-m+fp/hard/crtbegin.o
                0x0000000008004088                PROVIDE (__fini_array_end = .)
                0x0000000008004088                . = ALIGN (0x4)
                0x0000000008004088                _sidata = LOADADDR (.data)

.rel.dyn        0x0000000008004088        0x0
 .rel.iplt      0x0000000008004088        0x0 /usr/lib/gcc/arm-none-eabi/10.3.1/thumb/v7e-m+fp/hard/crtbegin.o

.data           0x0000000020000000        0xc load address 0x0000000008004088
                0x0000000020000000                . = ALIGN (0x4)
                0x0000000020000000                _sdata = .
 *(.data)
 *(.data*)
 .data.uwTickFreq
                0x0000000020000000        0x4 build/stm32g4xx_hal.o
                0x0000000020000000                uwTickFreq
 .data.uwTickPrio
                0x0000000020000004        0x4 build/stm32g4xx_hal.o
                0x0000000020000004                uwTickPrio
 .data.SystemCoreClock
                0x0000000020000008        0x4 build/system_stm32g4xx.o
                0x0000000020000008                SystemCoreClock
 *(.RamFunc)
 *(.RamFunc*)
                0x000000002000000c                . = ALIGN (0x4)
                0x000000002000000c                _edata = .

.tm_clone_table
                0x000000002000000c        0x0 load address 0x0000000008004094
 .tm_clone_table
                0x000000002000000c        0x0 /usr/lib/gcc/arm-none-eabi/10.3.1/thumb/v7e-m+fp/hard/crtbegin.o
 .tm_clone_table
                0x000000002000000c        0x0 /usr/lib/gcc/arm-none-eabi/10.3.1/thumb/v7e-m+fp/hard/crtend.o

.igot.plt       0x000000002000000c        0x0 load address 0x0000000008004094
 .igot.plt      0x000000002000000c        0x0 /usr/lib/gcc/arm-none-eabi/10.3.1/thumb/v7e-m+fp/hard/crtbegin.o
                0x000000002000000c                . = ALIGN (0x4)

.bss            0x000000002000000c      0x51c load address 0x0000000008004094
                0x000000002000000c                _sbss = .
                0x000000002000000c                __bss_start__ = _sbss
 *(.bss)
 .bss           0x000000002000000c       0x1c /usr/lib/gcc/arm-none-eabi/10.3.1/thumb/v7e-m+fp/hard/crtbegin.o
 *(.bss*)
 .bss.hadc1     0x0000000020000028       0x6c build/main.o
                0x0000000020000028                hadc1
 .bss.hadc2     0x0000000020000094       0x6c build/main.o
                0x0000000020000094                hadc2
 .bss.hpcd_USB_FS
                0x0000000020000100      0x2dc build/main.o
                0x0000000020000100                hpcd_USB_FS
 .bss.hspi1     0x00000000200003dc       0x64 build/main.o
                0x00000000200003dc                hspi1
 .bss.htim1     0x0000000020000440       0x4c build/main.o
                0x0000000020000440                htim1
 .bss.huart2    0x000000002000048c       0x94 build/main.o
                0x000000002000048c                huart2
 .bss.HAL_RCC_ADC12_CLK_ENABLED
                0x0000000020000520        0x4 build/stm32g4xx_hal_msp.o
 .bss.uwTick    0x0000000020000524        0x4 build/stm32g4xx_hal.o
                0x0000000020000524                uwTick
 *(COMMON)
                0x0000000020000528                . = ALIGN (0x4)
                0x0000000020000528                _ebss = .
                0x0000000020000528                __bss_end__ = _ebss

._user_heap_stack
                0x0000000020000528      0x600 load address 0x0000000008004094
                0x0000000020000528                . = ALIGN (0x8)
                [!provide]                        PROVIDE (end = .)
                0x0000000020000528                PROVIDE (_end = .)
                0x0000000020000728                . = (. + _Min_Heap_Size)
 *fill*         0x0000000020000528      0x200 
                0x0000000020000b28                . = (. + _Min_Stack_Size)
 *fill*         0x0000000020000728      0x400 
                0x0000000020000b28                . = ALIGN (0x8)

/DISCARD/
 libc.a(*)
 libm.a(*)
 libgcc.a(*)
OUTPUT(build/Repository.elf elf32-littlearm)
LOAD linker stubs
LOAD /usr/lib/gcc/arm-none-eabi/10.3.1/../../../arm-none-eabi/lib/thumb/v7e-m+fp/hard/libc.a
LOAD /usr/lib/gcc/arm-none-eabi/10.3.1/../../../arm-none-eabi/lib/thumb/v7e-m+fp/hard/libm.a
LOAD /usr/lib/gcc/arm-none-eabi/10.3.1/thumb/v7e-m+fp/hard/libgcc.a

.ARM.attributes
                0x0000000000000000       0x30
 .ARM.attributes
                0x0000000000000000       0x1e /usr/lib/gcc/arm-none-eabi/10.3.1/thumb/v7e-m+fp/hard/crti.o
 .ARM.attributes
                0x000000000000001e       0x34 /usr/lib/gcc/arm-none-eabi/10.3.1/thumb/v7e-m+fp/hard/crtbegin.o
 .ARM.attributes
                0x0000000000000052       0x34 build/main.o
 .ARM.attributes
                0x0000000000000086       0x34 build/stm32g4xx_it.o
 .ARM.attributes
                0x00000000000000ba       0x34 build/stm32g4xx_hal_msp.o
 .ARM.attributes
                0x00000000000000ee       0x34 build/stm32g4xx_hal_adc.o
 .ARM.attributes
                0x0000000000000122       0x34 build/stm32g4xx_hal_adc_ex.o
 .ARM.attributes
                0x0000000000000156       0x34 build/stm32g4xx_hal.o
 .ARM.attributes
                0x000000000000018a       0x34 build/stm32g4xx_hal_rcc.o
 .ARM.attributes
                0x00000000000001be       0x34 build/stm32g4xx_hal_rcc_ex.o
 .ARM.attributes
                0x00000000000001f2       0x34 build/stm32g4xx_hal_gpio.o
 .ARM.attributes
                0x0000000000000226       0x34 build/stm32g4xx_hal_pwr_ex.o
 .ARM.attributes
                0x000000000000025a       0x34 build/stm32g4xx_hal_cortex.o
 .ARM.attributes
                0x000000000000028e       0x34 build/stm32g4xx_hal_spi.o
 .ARM.attributes
                0x00000000000002c2       0x34 build/stm32g4xx_hal_tim.o
 .ARM.attributes
                0x00000000000002f6       0x34 build/stm32g4xx_hal_tim_ex.o
 .ARM.attributes
                0x000000000000032a       0x34 build/stm32g4xx_hal_uart.o
 .ARM.attributes
                0x000000000000035e       0x34 build/stm32g4xx_hal_uart_ex.o
 .ARM.attributes
                0x0000000000000392       0x34 build/stm32g4xx_hal_pcd.o
 .ARM.attributes
                0x00000000000003c6       0x34 build/stm32g4xx_hal_pcd_ex.o
 .ARM.attributes
                0x00000000000003fa       0x34 build/stm32g4xx_ll_usb.o
 .ARM.attributes
                0x000000000000042e       0x34 build/system_stm32g4xx.o
 .ARM.attributes
                0x0000000000000462       0x21 build/startup_stm32g474xx.o
 .ARM.attributes
                0x0000000000000483       0x34 /usr/lib/gcc/arm-none-eabi/10.3.1/../../../arm-none-eabi/lib/thumb/v7e-m+fp/hard/libc_nano.a(lib_a-init.o)
 .ARM.attributes
                0x00000000000004b7       0x34 /usr/lib/gcc/arm-none-eabi/10.3.1/../../../arm-none-eabi/lib/thumb/v7e-m+fp/hard/libc_nano.a(lib_a-memset.o)
 .ARM.attributes
                0x00000000000004eb       0x1e /usr/lib/gcc/arm-none-eabi/10.3.1/thumb/v7e-m+fp/hard/libgcc.a(_aeabi_uldivmod.o)
 .ARM.attributes
                0x0000000000000509       0x34 /usr/lib/gcc/arm-none-eabi/10.3.1/thumb/v7e-m+fp/hard/libgcc.a(_udivmoddi4.o)
 .ARM.attributes
                0x000000000000053d       0x1e /usr/lib/gcc/arm-none-eabi/10.3.1/thumb/v7e-m+fp/hard/libgcc.a(_dvmd_tls.o)
 .ARM.attributes
                0x000000000000055b       0x32 /usr/lib/gcc/arm-none-eabi/10.3.1/thumb/v7e-m+fp/hard/crtend.o
 .ARM.attributes
                0x000000000000058d       0x1e /usr/lib/gcc/arm-none-eabi/10.3.1/thumb/v7e-m+fp/hard/crtn.o

.comment        0x0000000000000000       0x33
 .comment       0x0000000000000000       0x33 /usr/lib/gcc/arm-none-eabi/10.3.1/thumb/v7e-m+fp/hard/crtbegin.o
                                         0x34 (size before relaxing)
 .comment       0x0000000000000033       0x34 build/main.o
 .comment       0x0000000000000033       0x34 build/stm32g4xx_it.o
 .comment       0x0000000000000033       0x34 build/stm32g4xx_hal_msp.o
 .comment       0x0000000000000033       0x34 build/stm32g4xx_hal_adc.o
 .comment       0x0000000000000033       0x34 build/stm32g4xx_hal_adc_ex.o
 .comment       0x0000000000000033       0x34 build/stm32g4xx_hal.o
 .comment       0x0000000000000033       0x34 build/stm32g4xx_hal_rcc.o
 .comment       0x0000000000000033       0x34 build/stm32g4xx_hal_rcc_ex.o
 .comment       0x0000000000000033       0x34 build/stm32g4xx_hal_gpio.o
 .comment       0x0000000000000033       0x34 build/stm32g4xx_hal_pwr_ex.o
 .comment       0x0000000000000033       0x34 build/stm32g4xx_hal_cortex.o
 .comment       0x0000000000000033       0x34 build/stm32g4xx_hal_spi.o
 .comment       0x0000000000000033       0x34 build/stm32g4xx_hal_tim.o
 .comment       0x0000000000000033       0x34 build/stm32g4xx_hal_tim_ex.o
 .comment       0x0000000000000033       0x34 build/stm32g4xx_hal_uart.o
 .comment       0x0000000000000033       0x34 build/stm32g4xx_hal_uart_ex.o
 .comment       0x0000000000000033       0x34 build/stm32g4xx_hal_pcd.o
 .comment       0x0000000000000033       0x34 build/stm32g4xx_hal_pcd_ex.o
 .comment       0x0000000000000033       0x34 build/stm32g4xx_ll_usb.o
 .comment       0x0000000000000033       0x34 build/system_stm32g4xx.o
 .comment       0x0000000000000033       0x34 /usr/lib/gcc/arm-none-eabi/10.3.1/../../../arm-none-eabi/lib/thumb/v7e-m+fp/hard/libc_nano.a(lib_a-init.o)
 .comment       0x0000000000000033       0x34 /usr/lib/gcc/arm-none-eabi/10.3.1/../../../arm-none-eabi/lib/thumb/v7e-m+fp/hard/libc_nano.a(lib_a-memset.o)
 .comment       0x0000000000000033       0x34 /usr/lib/gcc/arm-none-eabi/10.3.1/thumb/v7e-m+fp/hard/libgcc.a(_udivmoddi4.o)
 .comment       0x0000000000000033       0x34 /usr/lib/gcc/arm-none-eabi/10.3.1/thumb/v7e-m+fp/hard/crtend.o

.debug_info     0x0000000000000000    0x27bdf
 .debug_info    0x0000000000000000     0x2be4 build/main.o
 .debug_info    0x0000000000002be4      0xa5b build/stm32g4xx_it.o
 .debug_info    0x000000000000363f     0x2997 build/stm32g4xx_hal_msp.o
 .debug_info    0x0000000000005fd6     0x39fe build/stm32g4xx_hal_adc.o
 .debug_info    0x00000000000099d4     0x3264 build/stm32g4xx_hal_adc_ex.o
 .debug_info    0x000000000000cc38      0xd92 build/stm32g4xx_hal.o
 .debug_info    0x000000000000d9ca     0x1049 build/stm32g4xx_hal_rcc.o
 .debug_info    0x000000000000ea13     0x109f build/stm32g4xx_hal_rcc_ex.o
 .debug_info    0x000000000000fab2      0x925 build/stm32g4xx_hal_gpio.o
 .debug_info    0x00000000000103d7      0xb0d build/stm32g4xx_hal_pwr_ex.o
 .debug_info    0x0000000000010ee4     0x1209 build/stm32g4xx_hal_cortex.o
 .debug_info    0x00000000000120ed     0x2327 build/stm32g4xx_hal_spi.o
 .debug_info    0x0000000000014414     0x444b build/stm32g4xx_hal_tim.o
 .debug_info    0x000000000001885f     0x275e build/stm32g4xx_hal_tim_ex.o
 .debug_info    0x000000000001afbd     0x6690 build/stm32g4xx_hal_uart.o
 .debug_info    0x000000000002164d     0x1388 build/stm32g4xx_hal_uart_ex.o
 .debug_info    0x00000000000229d5     0x1cf0 build/stm32g4xx_hal_pcd.o
 .debug_info    0x00000000000246c5      0xa43 build/stm32g4xx_hal_pcd_ex.o
 .debug_info    0x0000000000025108     0x1ad0 build/stm32g4xx_ll_usb.o
 .debug_info    0x0000000000026bd8      0x631 build/system_stm32g4xx.o
 .debug_info    0x0000000000027209       0x22 build/startup_stm32g474xx.o
 .debug_info    0x000000000002722b      0x11a /usr/lib/gcc/arm-none-eabi/10.3.1/../../../arm-none-eabi/lib/thumb/v7e-m+fp/hard/libc_nano.a(lib_a-init.o)
 .debug_info    0x0000000000027345      0x137 /usr/lib/gcc/arm-none-eabi/10.3.1/../../../arm-none-eabi/lib/thumb/v7e-m+fp/hard/libc_nano.a(lib_a-memset.o)
 .debug_info    0x000000000002747c       0x26 /usr/lib/gcc/arm-none-eabi/10.3.1/thumb/v7e-m+fp/hard/libgcc.a(_aeabi_uldivmod.o)
 .debug_info    0x00000000000274a2      0x717 /usr/lib/gcc/arm-none-eabi/10.3.1/thumb/v7e-m+fp/hard/libgcc.a(_udivmoddi4.o)
 .debug_info    0x0000000000027bb9       0x26 /usr/lib/gcc/arm-none-eabi/10.3.1/thumb/v7e-m+fp/hard/libgcc.a(_dvmd_tls.o)

.debug_abbrev   0x0000000000000000     0x36d7
 .debug_abbrev  0x0000000000000000      0x2b5 build/main.o
 .debug_abbrev  0x00000000000002b5      0x17a build/stm32g4xx_it.o
 .debug_abbrev  0x000000000000042f      0x27f build/stm32g4xx_hal_msp.o
 .debug_abbrev  0x00000000000006ae      0x308 build/stm32g4xx_hal_adc.o
 .debug_abbrev  0x00000000000009b6      0x36a build/stm32g4xx_hal_adc_ex.o
 .debug_abbrev  0x0000000000000d20      0x25d build/stm32g4xx_hal.o
 .debug_abbrev  0x0000000000000f7d      0x2ac build/stm32g4xx_hal_rcc.o
 .debug_abbrev  0x0000000000001229      0x269 build/stm32g4xx_hal_rcc_ex.o
 .debug_abbrev  0x0000000000001492      0x229 build/stm32g4xx_hal_gpio.o
 .debug_abbrev  0x00000000000016bb      0x264 build/stm32g4xx_hal_pwr_ex.o
 .debug_abbrev  0x000000000000191f      0x379 build/stm32g4xx_hal_cortex.o
 .debug_abbrev  0x0000000000001c98      0x270 build/stm32g4xx_hal_spi.o
 .debug_abbrev  0x0000000000001f08      0x298 build/stm32g4xx_hal_tim.o
 .debug_abbrev  0x00000000000021a0      0x2ae build/stm32g4xx_hal_tim_ex.o
 .debug_abbrev  0x000000000000244e      0x343 build/stm32g4xx_hal_uart.o
 .debug_abbrev  0x0000000000002791      0x311 build/stm32g4xx_hal_uart_ex.o
 .debug_abbrev  0x0000000000002aa2      0x2cc build/stm32g4xx_hal_pcd.o
 .debug_abbrev  0x0000000000002d6e      0x23d build/stm32g4xx_hal_pcd_ex.o
 .debug_abbrev  0x0000000000002fab      0x2f4 build/stm32g4xx_ll_usb.o
 .debug_abbrev  0x000000000000329f      0x11b build/system_stm32g4xx.o
 .debug_abbrev  0x00000000000033ba       0x12 build/startup_stm32g474xx.o
 .debug_abbrev  0x00000000000033cc       0xcc /usr/lib/gcc/arm-none-eabi/10.3.1/../../../arm-none-eabi/lib/thumb/v7e-m+fp/hard/libc_nano.a(lib_a-init.o)
 .debug_abbrev  0x0000000000003498       0xb4 /usr/lib/gcc/arm-none-eabi/10.3.1/../../../arm-none-eabi/lib/thumb/v7e-m+fp/hard/libc_nano.a(lib_a-memset.o)
 .debug_abbrev  0x000000000000354c       0x14 /usr/lib/gcc/arm-none-eabi/10.3.1/thumb/v7e-m+fp/hard/libgcc.a(_aeabi_uldivmod.o)
 .debug_abbrev  0x0000000000003560      0x163 /usr/lib/gcc/arm-none-eabi/10.3.1/thumb/v7e-m+fp/hard/libgcc.a(_udivmoddi4.o)
 .debug_abbrev  0x00000000000036c3       0x14 /usr/lib/gcc/arm-none-eabi/10.3.1/thumb/v7e-m+fp/hard/libgcc.a(_dvmd_tls.o)

.debug_loc      0x0000000000000000    0x209c3
 .debug_loc     0x0000000000000000      0x1d9 build/main.o
 .debug_loc     0x00000000000001d9       0x40 build/stm32g4xx_it.o
 .debug_loc     0x0000000000000219      0x442 build/stm32g4xx_hal_msp.o
 .debug_loc     0x000000000000065b     0x2b41 build/stm32g4xx_hal_adc.o
 .debug_loc     0x000000000000319c     0x2908 build/stm32g4xx_hal_adc_ex.o
 .debug_loc     0x0000000000005aa4      0x2af build/stm32g4xx_hal.o
 .debug_loc     0x0000000000005d53      0x999 build/stm32g4xx_hal_rcc.o
 .debug_loc     0x00000000000066ec     0x166f build/stm32g4xx_hal_rcc_ex.o
 .debug_loc     0x0000000000007d5b      0x46f build/stm32g4xx_hal_gpio.o
 .debug_loc     0x00000000000081ca      0xa43 build/stm32g4xx_hal_pwr_ex.o
 .debug_loc     0x0000000000008c0d      0x796 build/stm32g4xx_hal_cortex.o
 .debug_loc     0x00000000000093a3     0x2588 build/stm32g4xx_hal_spi.o
 .debug_loc     0x000000000000b92b     0x64de build/stm32g4xx_hal_tim.o
 .debug_loc     0x0000000000011e09     0x33be build/stm32g4xx_hal_tim_ex.o
 .debug_loc     0x00000000000151c7     0x6309 build/stm32g4xx_hal_uart.o
 .debug_loc     0x000000000001b4d0      0xe2a build/stm32g4xx_hal_uart_ex.o
 .debug_loc     0x000000000001c2fa     0x1939 build/stm32g4xx_hal_pcd.o
 .debug_loc     0x000000000001dc33      0x2a2 build/stm32g4xx_hal_pcd_ex.o
 .debug_loc     0x000000000001ded5     0x175c build/stm32g4xx_ll_usb.o
 .debug_loc     0x000000000001f631       0x9d build/system_stm32g4xx.o
 .debug_loc     0x000000000001f6ce       0xba /usr/lib/gcc/arm-none-eabi/10.3.1/../../../arm-none-eabi/lib/thumb/v7e-m+fp/hard/libc_nano.a(lib_a-init.o)
 .debug_loc     0x000000000001f788      0x22c /usr/lib/gcc/arm-none-eabi/10.3.1/../../../arm-none-eabi/lib/thumb/v7e-m+fp/hard/libc_nano.a(lib_a-memset.o)
 .debug_loc     0x000000000001f9b4     0x100f /usr/lib/gcc/arm-none-eabi/10.3.1/thumb/v7e-m+fp/hard/libgcc.a(_udivmoddi4.o)

.debug_aranges  0x0000000000000000     0x1650
 .debug_aranges
                0x0000000000000000       0x68 build/main.o
 .debug_aranges
                0x0000000000000068       0x68 build/stm32g4xx_it.o
 .debug_aranges
                0x00000000000000d0       0x78 build/stm32g4xx_hal_msp.o
 .debug_aranges
                0x0000000000000148      0x108 build/stm32g4xx_hal_adc.o
 .debug_aranges
                0x0000000000000250       0xf0 build/stm32g4xx_hal_adc_ex.o
 .debug_aranges
                0x0000000000000340      0x148 build/stm32g4xx_hal.o
 .debug_aranges
                0x0000000000000488       0x98 build/stm32g4xx_hal_rcc.o
 .debug_aranges
                0x0000000000000520       0xb0 build/stm32g4xx_hal_rcc_ex.o
 .debug_aranges
                0x00000000000005d0       0x58 build/stm32g4xx_hal_gpio.o
 .debug_aranges
                0x0000000000000628      0x140 build/stm32g4xx_hal_pwr_ex.o
 .debug_aranges
                0x0000000000000768       0xb8 build/stm32g4xx_hal_cortex.o
 .debug_aranges
                0x0000000000000820      0x1d8 build/stm32g4xx_hal_spi.o
 .debug_aranges
                0x00000000000009f8      0x3e0 build/stm32g4xx_hal_tim.o
 .debug_aranges
                0x0000000000000dd8      0x240 build/stm32g4xx_hal_tim_ex.o
 .debug_aranges
                0x0000000000001018      0x248 build/stm32g4xx_hal_uart.o
 .debug_aranges
                0x0000000000001260       0xa8 build/stm32g4xx_hal_uart_ex.o
 .debug_aranges
                0x0000000000001308      0x138 build/stm32g4xx_hal_pcd.o
 .debug_aranges
                0x0000000000001440       0x58 build/stm32g4xx_hal_pcd_ex.o
 .debug_aranges
                0x0000000000001498       0xc8 build/stm32g4xx_ll_usb.o
 .debug_aranges
                0x0000000000001560       0x28 build/system_stm32g4xx.o
 .debug_aranges
                0x0000000000001588       0x28 build/startup_stm32g474xx.o
 .debug_aranges
                0x00000000000015b0       0x20 /usr/lib/gcc/arm-none-eabi/10.3.1/../../../arm-none-eabi/lib/thumb/v7e-m+fp/hard/libc_nano.a(lib_a-init.o)
 .debug_aranges
                0x00000000000015d0       0x20 /usr/lib/gcc/arm-none-eabi/10.3.1/../../../arm-none-eabi/lib/thumb/v7e-m+fp/hard/libc_nano.a(lib_a-memset.o)
 .debug_aranges
                0x00000000000015f0       0x20 /usr/lib/gcc/arm-none-eabi/10.3.1/thumb/v7e-m+fp/hard/libgcc.a(_aeabi_uldivmod.o)
 .debug_aranges
                0x0000000000001610       0x20 /usr/lib/gcc/arm-none-eabi/10.3.1/thumb/v7e-m+fp/hard/libgcc.a(_udivmoddi4.o)
 .debug_aranges
                0x0000000000001630       0x20 /usr/lib/gcc/arm-none-eabi/10.3.1/thumb/v7e-m+fp/hard/libgcc.a(_dvmd_tls.o)

.debug_ranges   0x0000000000000000     0x1a90
 .debug_ranges  0x0000000000000000       0x58 build/main.o
 .debug_ranges  0x0000000000000058       0x58 build/stm32g4xx_it.o
 .debug_ranges  0x00000000000000b0       0x68 build/stm32g4xx_hal_msp.o
 .debug_ranges  0x0000000000000118      0x230 build/stm32g4xx_hal_adc.o
 .debug_ranges  0x0000000000000348      0x200 build/stm32g4xx_hal_adc_ex.o
 .debug_ranges  0x0000000000000548      0x138 build/stm32g4xx_hal.o
 .debug_ranges  0x0000000000000680       0xa0 build/stm32g4xx_hal_rcc.o
 .debug_ranges  0x0000000000000720       0xb8 build/stm32g4xx_hal_rcc_ex.o
 .debug_ranges  0x00000000000007d8       0x48 build/stm32g4xx_hal_gpio.o
 .debug_ranges  0x0000000000000820      0x130 build/stm32g4xx_hal_pwr_ex.o
 .debug_ranges  0x0000000000000950      0x108 build/stm32g4xx_hal_cortex.o
 .debug_ranges  0x0000000000000a58      0x1c8 build/stm32g4xx_hal_spi.o
 .debug_ranges  0x0000000000000c20      0x3d0 build/stm32g4xx_hal_tim.o
 .debug_ranges  0x0000000000000ff0      0x230 build/stm32g4xx_hal_tim_ex.o
 .debug_ranges  0x0000000000001220      0x238 build/stm32g4xx_hal_uart.o
 .debug_ranges  0x0000000000001458       0xb0 build/stm32g4xx_hal_uart_ex.o
 .debug_ranges  0x0000000000001508      0x1d8 build/stm32g4xx_hal_pcd.o
 .debug_ranges  0x00000000000016e0       0x48 build/stm32g4xx_hal_pcd_ex.o
 .debug_ranges  0x0000000000001728      0x248 build/stm32g4xx_ll_usb.o
 .debug_ranges  0x0000000000001970       0x18 build/system_stm32g4xx.o
 .debug_ranges  0x0000000000001988       0x20 build/startup_stm32g474xx.o
 .debug_ranges  0x00000000000019a8       0xe8 /usr/lib/gcc/arm-none-eabi/10.3.1/thumb/v7e-m+fp/hard/libgcc.a(_udivmoddi4.o)

.debug_line     0x0000000000000000    0x1eb0c
 .debug_line    0x0000000000000000      0x984 build/main.o
 .debug_line    0x0000000000000984      0x258 build/stm32g4xx_it.o
 .debug_line    0x0000000000000bdc      0x795 build/stm32g4xx_hal_msp.o
 .debug_line    0x0000000000001371     0x275e build/stm32g4xx_hal_adc.o
 .debug_line    0x0000000000003acf     0x2162 build/stm32g4xx_hal_adc_ex.o
 .debug_line    0x0000000000005c31      0x640 build/stm32g4xx_hal.o
 .debug_line    0x0000000000006271      0xd5d build/stm32g4xx_hal_rcc.o
 .debug_line    0x0000000000006fce     0x11cb build/stm32g4xx_hal_rcc_ex.o
 .debug_line    0x0000000000008199      0x603 build/stm32g4xx_hal_gpio.o
 .debug_line    0x000000000000879c      0x9e8 build/stm32g4xx_hal_pwr_ex.o
 .debug_line    0x0000000000009184      0x6ff build/stm32g4xx_hal_cortex.o
 .debug_line    0x0000000000009883     0x2a18 build/stm32g4xx_hal_spi.o
 .debug_line    0x000000000000c29b     0x54eb build/stm32g4xx_hal_tim.o
 .debug_line    0x0000000000011786     0x25fb build/stm32g4xx_hal_tim_ex.o
 .debug_line    0x0000000000013d81     0x6383 build/stm32g4xx_hal_uart.o
 .debug_line    0x000000000001a104      0xc05 build/stm32g4xx_hal_uart_ex.o
 .debug_line    0x000000000001ad09     0x1852 build/stm32g4xx_hal_pcd.o
 .debug_line    0x000000000001c55b      0x370 build/stm32g4xx_hal_pcd_ex.o
 .debug_line    0x000000000001c8cb     0x16b1 build/stm32g4xx_ll_usb.o
 .debug_line    0x000000000001df7c      0x1b4 build/system_stm32g4xx.o
 .debug_line    0x000000000001e130       0x77 build/startup_stm32g474xx.o
 .debug_line    0x000000000001e1a7      0x138 /usr/lib/gcc/arm-none-eabi/10.3.1/../../../arm-none-eabi/lib/thumb/v7e-m+fp/hard/libc_nano.a(lib_a-init.o)
 .debug_line    0x000000000001e2df      0x1bf /usr/lib/gcc/arm-none-eabi/10.3.1/../../../arm-none-eabi/lib/thumb/v7e-m+fp/hard/libc_nano.a(lib_a-memset.o)
 .debug_line    0x000000000001e49e       0x60 /usr/lib/gcc/arm-none-eabi/10.3.1/thumb/v7e-m+fp/hard/libgcc.a(_aeabi_uldivmod.o)
 .debug_line    0x000000000001e4fe      0x5ae /usr/lib/gcc/arm-none-eabi/10.3.1/thumb/v7e-m+fp/hard/libgcc.a(_udivmoddi4.o)
 .debug_line    0x000000000001eaac       0x60 /usr/lib/gcc/arm-none-eabi/10.3.1/thumb/v7e-m+fp/hard/libgcc.a(_dvmd_tls.o)

.debug_str      0x0000000000000000     0x7e09
 .debug_str     0x0000000000000000     0x1769 build/main.o
                                       0x1926 (size before relaxing)
 .debug_str     0x0000000000001769       0xd9 build/stm32g4xx_it.o
                                        0x81e (size before relaxing)
 .debug_str     0x0000000000001842      0x97a build/stm32g4xx_hal_msp.o
                                       0x1c86 (size before relaxing)
 .debug_str     0x00000000000021bc      0xa0b build/stm32g4xx_hal_adc.o
                                       0x12ca (size before relaxing)
 .debug_str     0x0000000000002bc7      0x5e5 build/stm32g4xx_hal_adc_ex.o
                                       0x12a1 (size before relaxing)
 .debug_str     0x00000000000031ac      0x470 build/stm32g4xx_hal.o
                                        0xe20 (size before relaxing)
 .debug_str     0x000000000000361c      0x326 build/stm32g4xx_hal_rcc.o
                                        0x836 (size before relaxing)
 .debug_str     0x0000000000003942      0x3b9 build/stm32g4xx_hal_rcc_ex.o
                                        0xa45 (size before relaxing)
 .debug_str     0x0000000000003cfb       0xc4 build/stm32g4xx_hal_gpio.o
                                        0x520 (size before relaxing)
 .debug_str     0x0000000000003dbf      0x4c3 build/stm32g4xx_hal_pwr_ex.o
                                        0x7c3 (size before relaxing)
 .debug_str     0x0000000000004282      0x466 build/stm32g4xx_hal_cortex.o
                                        0xd6c (size before relaxing)
 .debug_str     0x00000000000046e8      0x571 build/stm32g4xx_hal_spi.o
                                        0xcb6 (size before relaxing)
 .debug_str     0x0000000000004c59      0xee6 build/stm32g4xx_hal_tim.o
                                       0x184f (size before relaxing)
 .debug_str     0x0000000000005b3f      0x801 build/stm32g4xx_hal_tim_ex.o
                                       0x14a7 (size before relaxing)
 .debug_str     0x0000000000006340      0x873 build/stm32g4xx_hal_uart.o
                                       0x11f5 (size before relaxing)
 .debug_str     0x0000000000006bb3      0x22e build/stm32g4xx_hal_uart_ex.o
                                        0xb29 (size before relaxing)
 .debug_str     0x0000000000006de1      0x536 build/stm32g4xx_hal_pcd.o
                                        0xab8 (size before relaxing)
 .debug_str     0x0000000000007317      0x196 build/stm32g4xx_hal_pcd_ex.o
                                        0x755 (size before relaxing)
 .debug_str     0x00000000000074ad       0xd0 build/stm32g4xx_ll_usb.o
                                        0x656 (size before relaxing)
 .debug_str     0x000000000000757d       0x3d build/system_stm32g4xx.o
                                        0x3a8 (size before relaxing)
 .debug_str     0x00000000000075ba       0x22 build/startup_stm32g474xx.o
                                         0x5a (size before relaxing)
 .debug_str     0x00000000000075dc      0x170 /usr/lib/gcc/arm-none-eabi/10.3.1/../../../arm-none-eabi/lib/thumb/v7e-m+fp/hard/libc_nano.a(lib_a-init.o)
                                        0x20b (size before relaxing)
 .debug_str     0x000000000000774c       0xa3 /usr/lib/gcc/arm-none-eabi/10.3.1/../../../arm-none-eabi/lib/thumb/v7e-m+fp/hard/libc_nano.a(lib_a-memset.o)
                                        0x1c0 (size before relaxing)
 .debug_str     0x00000000000077ef       0xa6 /usr/lib/gcc/arm-none-eabi/10.3.1/thumb/v7e-m+fp/hard/libgcc.a(_aeabi_uldivmod.o)
 .debug_str     0x0000000000007895      0x544 /usr/lib/gcc/arm-none-eabi/10.3.1/thumb/v7e-m+fp/hard/libgcc.a(_udivmoddi4.o)
                                        0x647 (size before relaxing)
 .debug_str     0x0000000000007dd9       0x30 /usr/lib/gcc/arm-none-eabi/10.3.1/thumb/v7e-m+fp/hard/libgcc.a(_dvmd_tls.o)
                                         0xaa (size before relaxing)

.debug_frame    0x0000000000000000     0x39b8
 .debug_frame   0x0000000000000000      0x128 build/main.o
 .debug_frame   0x0000000000000128       0xc0 build/stm32g4xx_it.o
 .debug_frame   0x00000000000001e8      0x15c build/stm32g4xx_hal_msp.o
 .debug_frame   0x0000000000000344      0x2f8 build/stm32g4xx_hal_adc.o
 .debug_frame   0x000000000000063c      0x2c8 build/stm32g4xx_hal_adc_ex.o
 .debug_frame   0x0000000000000904      0x2a4 build/stm32g4xx_hal.o
 .debug_frame   0x0000000000000ba8      0x198 build/stm32g4xx_hal_rcc.o
 .debug_frame   0x0000000000000d40      0x1a0 build/stm32g4xx_hal_rcc_ex.o
 .debug_frame   0x0000000000000ee0       0xd0 build/stm32g4xx_hal_gpio.o
 .debug_frame   0x0000000000000fb0      0x268 build/stm32g4xx_hal_pwr_ex.o
 .debug_frame   0x0000000000001218      0x168 build/stm32g4xx_hal_cortex.o
 .debug_frame   0x0000000000001380      0x600 build/stm32g4xx_hal_spi.o
 .debug_frame   0x0000000000001980      0xb58 build/stm32g4xx_hal_tim.o
 .debug_frame   0x00000000000024d8      0x610 build/stm32g4xx_hal_tim_ex.o
 .debug_frame   0x0000000000002ae8      0x67c build/stm32g4xx_hal_uart.o
 .debug_frame   0x0000000000003164      0x1d8 build/stm32g4xx_hal_uart_ex.o
 .debug_frame   0x000000000000333c      0x34c build/stm32g4xx_hal_pcd.o
 .debug_frame   0x0000000000003688       0x9c build/stm32g4xx_hal_pcd_ex.o
 .debug_frame   0x0000000000003724      0x1ac build/stm32g4xx_ll_usb.o
 .debug_frame   0x00000000000038d0       0x30 build/system_stm32g4xx.o
 .debug_frame   0x0000000000003900       0x2c /usr/lib/gcc/arm-none-eabi/10.3.1/../../../arm-none-eabi/lib/thumb/v7e-m+fp/hard/libc_nano.a(lib_a-init.o)
 .debug_frame   0x000000000000392c       0x2c /usr/lib/gcc/arm-none-eabi/10.3.1/../../../arm-none-eabi/lib/thumb/v7e-m+fp/hard/libc_nano.a(lib_a-memset.o)
 .debug_frame   0x0000000000003958       0x2c /usr/lib/gcc/arm-none-eabi/10.3.1/thumb/v7e-m+fp/hard/libgcc.a(_aeabi_uldivmod.o)
 .debug_frame   0x0000000000003984       0x34 /usr/lib/gcc/arm-none-eabi/10.3.1/thumb/v7e-m+fp/hard/libgcc.a(_udivmoddi4.o)

Cross Reference Table

Symbol                                            File
ADC1_2_IRQHandler                                 build/stm32g4xx_it.o
ADC3_IRQHandler                                   build/startup_stm32g474xx.o
ADC4_IRQHandler                                   build/startup_stm32g474xx.o
ADC5_IRQHandler                                   build/startup_stm32g474xx.o
ADC_ConversionStop                                build/stm32g4xx_hal_adc.o
                                                  build/stm32g4xx_hal_adc_ex.o
ADC_DMAConvCplt                                   build/stm32g4xx_hal_adc.o
                                                  build/stm32g4xx_hal_adc_ex.o
ADC_DMAError                                      build/stm32g4xx_hal_adc.o
                                                  build/stm32g4xx_hal_adc_ex.o
ADC_DMAHalfConvCplt                               build/stm32g4xx_hal_adc.o
                                                  build/stm32g4xx_hal_adc_ex.o
ADC_Disable                                       build/stm32g4xx_hal_adc.o
                                                  build/stm32g4xx_hal_adc_ex.o
ADC_Enable                                        build/stm32g4xx_hal_adc.o
                                                  build/stm32g4xx_hal_adc_ex.o
AHBPrescTable                                     build/system_stm32g4xx.o
                                                  build/stm32g4xx_hal_rcc.o
APBPrescTable                                     build/system_stm32g4xx.o
                                                  build/stm32g4xx_hal_rcc.o
BusFault_Handler                                  build/stm32g4xx_it.o
COMP1_2_3_IRQHandler                              build/startup_stm32g474xx.o
COMP4_5_6_IRQHandler                              build/startup_stm32g474xx.o
COMP7_IRQHandler                                  build/startup_stm32g474xx.o
CORDIC_IRQHandler                                 build/startup_stm32g474xx.o
CRS_IRQHandler                                    build/startup_stm32g474xx.o
DMA1_Channel1_IRQHandler                          build/startup_stm32g474xx.o
DMA1_Channel2_IRQHandler                          build/startup_stm32g474xx.o
DMA1_Channel3_IRQHandler                          build/startup_stm32g474xx.o
DMA1_Channel4_IRQHandler                          build/startup_stm32g474xx.o
DMA1_Channel5_IRQHandler                          build/startup_stm32g474xx.o
DMA1_Channel6_IRQHandler                          build/startup_stm32g474xx.o
DMA1_Channel7_IRQHandler                          build/startup_stm32g474xx.o
DMA1_Channel8_IRQHandler                          build/startup_stm32g474xx.o
DMA2_Channel1_IRQHandler                          build/startup_stm32g474xx.o
DMA2_Channel2_IRQHandler                          build/startup_stm32g474xx.o
DMA2_Channel3_IRQHandler                          build/startup_stm32g474xx.o
DMA2_Channel4_IRQHandler                          build/startup_stm32g474xx.o
DMA2_Channel5_IRQHandler                          build/startup_stm32g474xx.o
DMA2_Channel6_IRQHandler                          build/startup_stm32g474xx.o
DMA2_Channel7_IRQHandler                          build/startup_stm32g474xx.o
DMA2_Channel8_IRQHandler                          build/startup_stm32g474xx.o
DMAMUX_OVR_IRQHandler                             build/startup_stm32g474xx.o
DebugMon_Handler                                  build/stm32g4xx_it.o
Default_Handler                                   build/startup_stm32g474xx.o
EXTI0_IRQHandler                                  build/startup_stm32g474xx.o
EXTI15_10_IRQHandler                              build/startup_stm32g474xx.o
EXTI1_IRQHandler                                  build/startup_stm32g474xx.o
EXTI2_IRQHandler                                  build/startup_stm32g474xx.o
EXTI3_IRQHandler                                  build/startup_stm32g474xx.o
EXTI4_IRQHandler                                  build/startup_stm32g474xx.o
EXTI9_5_IRQHandler                                build/startup_stm32g474xx.o
Error_Handler                                     build/main.o
                                                  build/stm32g4xx_hal_msp.o
FDCAN1_IT0_IRQHandler                             build/startup_stm32g474xx.o
FDCAN1_IT1_IRQHandler                             build/startup_stm32g474xx.o
FDCAN2_IT0_IRQHandler                             build/startup_stm32g474xx.o
FDCAN2_IT1_IRQHandler                             build/startup_stm32g474xx.o
FDCAN3_IT0_IRQHandler                             build/startup_stm32g474xx.o
FDCAN3_IT1_IRQHandler                             build/startup_stm32g474xx.o
FLASH_FlushCaches                                 build/stm32g4xx_hal_flash_ex.o
                                                  build/stm32g4xx_hal_flash.o
FLASH_IRQHandler                                  build/startup_stm32g474xx.o
FLASH_PageErase                                   build/stm32g4xx_hal_flash_ex.o
                                                  build/stm32g4xx_hal_flash.o
FLASH_WaitForLastOperation                        build/stm32g4xx_hal_flash.o
                                                  build/stm32g4xx_hal_flash_ex.o
FMAC_IRQHandler                                   build/startup_stm32g474xx.o
FMC_IRQHandler                                    build/startup_stm32g474xx.o
FPU_IRQHandler                                    build/startup_stm32g474xx.o
HAL_ADCEx_Calibration_GetValue                    build/stm32g4xx_hal_adc_ex.o
HAL_ADCEx_Calibration_SetValue                    build/stm32g4xx_hal_adc_ex.o
HAL_ADCEx_Calibration_Start                       build/stm32g4xx_hal_adc_ex.o
HAL_ADCEx_DisableInjectedQueue                    build/stm32g4xx_hal_adc_ex.o
HAL_ADCEx_DisableVoltageRegulator                 build/stm32g4xx_hal_adc_ex.o
HAL_ADCEx_EnableInjectedQueue                     build/stm32g4xx_hal_adc_ex.o
HAL_ADCEx_EndOfSamplingCallback                   build/stm32g4xx_hal_adc_ex.o
                                                  build/stm32g4xx_hal_adc.o
HAL_ADCEx_EnterADCDeepPowerDownMode               build/stm32g4xx_hal_adc_ex.o
HAL_ADCEx_InjectedConfigChannel                   build/stm32g4xx_hal_adc_ex.o
HAL_ADCEx_InjectedConvCpltCallback                build/stm32g4xx_hal_adc_ex.o
                                                  build/stm32g4xx_hal_adc.o
HAL_ADCEx_InjectedGetValue                        build/stm32g4xx_hal_adc_ex.o
HAL_ADCEx_InjectedPollForConversion               build/stm32g4xx_hal_adc_ex.o
HAL_ADCEx_InjectedQueueOverflowCallback           build/stm32g4xx_hal_adc_ex.o
                                                  build/stm32g4xx_hal_adc.o
HAL_ADCEx_InjectedStart                           build/stm32g4xx_hal_adc_ex.o
HAL_ADCEx_InjectedStart_IT                        build/stm32g4xx_hal_adc_ex.o
HAL_ADCEx_InjectedStop                            build/stm32g4xx_hal_adc_ex.o
HAL_ADCEx_InjectedStop_IT                         build/stm32g4xx_hal_adc_ex.o
HAL_ADCEx_LevelOutOfWindow2Callback               build/stm32g4xx_hal_adc_ex.o
                                                  build/stm32g4xx_hal_adc.o
HAL_ADCEx_LevelOutOfWindow3Callback               build/stm32g4xx_hal_adc_ex.o
                                                  build/stm32g4xx_hal_adc.o
HAL_ADCEx_MultiModeConfigChannel                  build/stm32g4xx_hal_adc_ex.o
                                                  build/main.o
HAL_ADCEx_MultiModeGetValue                       build/stm32g4xx_hal_adc_ex.o
HAL_ADCEx_MultiModeStart_DMA                      build/stm32g4xx_hal_adc_ex.o
HAL_ADCEx_MultiModeStop_DMA                       build/stm32g4xx_hal_adc_ex.o
HAL_ADCEx_RegularMultiModeStop_DMA                build/stm32g4xx_hal_adc_ex.o
HAL_ADCEx_RegularStop                             build/stm32g4xx_hal_adc_ex.o
HAL_ADCEx_RegularStop_DMA                         build/stm32g4xx_hal_adc_ex.o
HAL_ADCEx_RegularStop_IT                          build/stm32g4xx_hal_adc_ex.o
HAL_ADC_AnalogWDGConfig                           build/stm32g4xx_hal_adc.o
HAL_ADC_ConfigChannel                             build/stm32g4xx_hal_adc.o
                                                  build/main.o
HAL_ADC_ConvCpltCallback                          build/stm32g4xx_hal_adc.o
HAL_ADC_ConvHalfCpltCallback                      build/stm32g4xx_hal_adc.o
HAL_ADC_DeInit                                    build/stm32g4xx_hal_adc.o
HAL_ADC_ErrorCallback                             build/stm32g4xx_hal_adc.o
HAL_ADC_GetError                                  build/stm32g4xx_hal_adc.o
HAL_ADC_GetState                                  build/stm32g4xx_hal_adc.o
HAL_ADC_GetValue                                  build/stm32g4xx_hal_adc.o
HAL_ADC_IRQHandler                                build/stm32g4xx_hal_adc.o
                                                  build/stm32g4xx_it.o
HAL_ADC_Init                                      build/stm32g4xx_hal_adc.o
                                                  build/main.o
HAL_ADC_LevelOutOfWindowCallback                  build/stm32g4xx_hal_adc.o
HAL_ADC_MspDeInit                                 build/stm32g4xx_hal_msp.o
HAL_ADC_MspInit                                   build/stm32g4xx_hal_msp.o
HAL_ADC_PollForConversion                         build/stm32g4xx_hal_adc.o
HAL_ADC_PollForEvent                              build/stm32g4xx_hal_adc.o
HAL_ADC_Start                                     build/stm32g4xx_hal_adc.o
HAL_ADC_StartSampling                             build/stm32g4xx_hal_adc.o
HAL_ADC_Start_DMA                                 build/stm32g4xx_hal_adc.o
HAL_ADC_Start_IT                                  build/stm32g4xx_hal_adc.o
HAL_ADC_Stop                                      build/stm32g4xx_hal_adc.o
HAL_ADC_StopSampling                              build/stm32g4xx_hal_adc.o
HAL_ADC_Stop_DMA                                  build/stm32g4xx_hal_adc.o
HAL_ADC_Stop_IT                                   build/stm32g4xx_hal_adc.o
HAL_DBGMCU_DisableDBGSleepMode                    build/stm32g4xx_hal.o
HAL_DBGMCU_DisableDBGStandbyMode                  build/stm32g4xx_hal.o
HAL_DBGMCU_DisableDBGStopMode                     build/stm32g4xx_hal.o
HAL_DBGMCU_EnableDBGSleepMode                     build/stm32g4xx_hal.o
HAL_DBGMCU_EnableDBGStandbyMode                   build/stm32g4xx_hal.o
HAL_DBGMCU_EnableDBGStopMode                      build/stm32g4xx_hal.o
HAL_DMAEx_ConfigMuxRequestGenerator               build/stm32g4xx_hal_dma_ex.o
HAL_DMAEx_ConfigMuxSync                           build/stm32g4xx_hal_dma_ex.o
HAL_DMAEx_DisableMuxRequestGenerator              build/stm32g4xx_hal_dma_ex.o
HAL_DMAEx_EnableMuxRequestGenerator               build/stm32g4xx_hal_dma_ex.o
HAL_DMAEx_MUX_IRQHandler                          build/stm32g4xx_hal_dma_ex.o
HAL_DMA_Abort                                     build/stm32g4xx_hal_dma.o
                                                  build/stm32g4xx_hal_uart.o
                                                  build/stm32g4xx_hal_spi.o
                                                  build/stm32g4xx_hal_adc_ex.o
                                                  build/stm32g4xx_hal_adc.o
HAL_DMA_Abort_IT                                  build/stm32g4xx_hal_dma.o
                                                  build/stm32g4xx_hal_uart.o
                                                  build/stm32g4xx_hal_tim_ex.o
                                                  build/stm32g4xx_hal_tim.o
                                                  build/stm32g4xx_hal_spi.o
HAL_DMA_DeInit                                    build/stm32g4xx_hal_dma.o
HAL_DMA_GetError                                  build/stm32g4xx_hal_dma.o
                                                  build/stm32g4xx_hal_uart.o
HAL_DMA_GetState                                  build/stm32g4xx_hal_dma.o
HAL_DMA_IRQHandler                                build/stm32g4xx_hal_dma.o
HAL_DMA_Init                                      build/stm32g4xx_hal_dma.o
HAL_DMA_PollForTransfer                           build/stm32g4xx_hal_dma.o
HAL_DMA_RegisterCallback                          build/stm32g4xx_hal_dma.o
HAL_DMA_Start                                     build/stm32g4xx_hal_dma.o
HAL_DMA_Start_IT                                  build/stm32g4xx_hal_dma.o
                                                  build/stm32g4xx_hal_uart.o
                                                  build/stm32g4xx_hal_tim_ex.o
                                                  build/stm32g4xx_hal_tim.o
                                                  build/stm32g4xx_hal_spi.o
                                                  build/stm32g4xx_hal_adc_ex.o
                                                  build/stm32g4xx_hal_adc.o
HAL_DMA_UnRegisterCallback                        build/stm32g4xx_hal_dma.o
HAL_DeInit                                        build/stm32g4xx_hal.o
HAL_Delay                                         build/stm32g4xx_hal.o
                                                  build/stm32g4xx_hal_pcd_ex.o
HAL_EXTI_ClearConfigLine                          build/stm32g4xx_hal_exti.o
HAL_EXTI_ClearPending                             build/stm32g4xx_hal_exti.o
HAL_EXTI_GenerateSWI                              build/stm32g4xx_hal_exti.o
HAL_EXTI_GetConfigLine                            build/stm32g4xx_hal_exti.o
HAL_EXTI_GetHandle                                build/stm32g4xx_hal_exti.o
HAL_EXTI_GetPending                               build/stm32g4xx_hal_exti.o
HAL_EXTI_IRQHandler                               build/stm32g4xx_hal_exti.o
HAL_EXTI_RegisterCallback                         build/stm32g4xx_hal_exti.o
HAL_EXTI_SetConfigLine                            build/stm32g4xx_hal_exti.o
HAL_FLASHEx_DisableDebugger                       build/stm32g4xx_hal_flash_ex.o
HAL_FLASHEx_DisableRunPowerDown                   build/stm32g4xx_hal_flash_ramfunc.o
HAL_FLASHEx_EnableDebugger                        build/stm32g4xx_hal_flash_ex.o
HAL_FLASHEx_EnableRunPowerDown                    build/stm32g4xx_hal_flash_ramfunc.o
HAL_FLASHEx_EnableSecMemProtection                build/stm32g4xx_hal_flash_ex.o
HAL_FLASHEx_Erase                                 build/stm32g4xx_hal_flash_ex.o
HAL_FLASHEx_Erase_IT                              build/stm32g4xx_hal_flash_ex.o
HAL_FLASHEx_OBGetConfig                           build/stm32g4xx_hal_flash_ex.o
HAL_FLASHEx_OBProgram                             build/stm32g4xx_hal_flash_ex.o
HAL_FLASHEx_OB_DBankConfig                        build/stm32g4xx_hal_flash_ramfunc.o
HAL_FLASH_EndOfOperationCallback                  build/stm32g4xx_hal_flash.o
HAL_FLASH_GetError                                build/stm32g4xx_hal_flash.o
HAL_FLASH_IRQHandler                              build/stm32g4xx_hal_flash.o
HAL_FLASH_Lock                                    build/stm32g4xx_hal_flash.o
HAL_FLASH_OB_Launch                               build/stm32g4xx_hal_flash.o
HAL_FLASH_OB_Lock                                 build/stm32g4xx_hal_flash.o
HAL_FLASH_OB_Unlock                               build/stm32g4xx_hal_flash.o
HAL_FLASH_OperationErrorCallback                  build/stm32g4xx_hal_flash.o
HAL_FLASH_Program                                 build/stm32g4xx_hal_flash.o
HAL_FLASH_Program_IT                              build/stm32g4xx_hal_flash.o
HAL_FLASH_Unlock                                  build/stm32g4xx_hal_flash.o
HAL_GPIO_DeInit                                   build/stm32g4xx_hal_gpio.o
                                                  build/stm32g4xx_hal_msp.o
HAL_GPIO_EXTI_Callback                            build/stm32g4xx_hal_gpio.o
HAL_GPIO_EXTI_IRQHandler                          build/stm32g4xx_hal_gpio.o
HAL_GPIO_Init                                     build/stm32g4xx_hal_gpio.o
                                                  build/stm32g4xx_hal_rcc_ex.o
                                                  build/stm32g4xx_hal_rcc.o
                                                  build/stm32g4xx_hal_msp.o
                                                  build/main.o
HAL_GPIO_LockPin                                  build/stm32g4xx_hal_gpio.o
HAL_GPIO_ReadPin                                  build/stm32g4xx_hal_gpio.o
                                                  build/main.o
HAL_GPIO_TogglePin                                build/stm32g4xx_hal_gpio.o
HAL_GPIO_WritePin                                 build/stm32g4xx_hal_gpio.o
                                                  build/main.o
HAL_GetDEVID                                      build/stm32g4xx_hal.o
HAL_GetHalVersion                                 build/stm32g4xx_hal.o
HAL_GetREVID                                      build/stm32g4xx_hal.o
HAL_GetTick                                       build/stm32g4xx_hal.o
                                                  build/stm32g4xx_hal_pcd_ex.o
                                                  build/stm32g4xx_hal_uart_ex.o
                                                  build/stm32g4xx_hal_uart.o
                                                  build/stm32g4xx_hal_tim_ex.o
                                                  build/stm32g4xx_hal_spi.o
                                                  build/stm32g4xx_hal_dma.o
                                                  build/stm32g4xx_hal_flash.o
                                                  build/stm32g4xx_hal_rcc_ex.o
                                                  build/stm32g4xx_hal_rcc.o
                                                  build/stm32g4xx_hal_adc_ex.o
                                                  build/stm32g4xx_hal_adc.o
HAL_GetTickFreq                                   build/stm32g4xx_hal.o
HAL_GetTickPrio                                   build/stm32g4xx_hal.o
HAL_GetUIDw0                                      build/stm32g4xx_hal.o
HAL_GetUIDw1                                      build/stm32g4xx_hal.o
HAL_GetUIDw2                                      build/stm32g4xx_hal.o
HAL_HalfDuplex_EnableReceiver                     build/stm32g4xx_hal_uart.o
HAL_HalfDuplex_EnableTransmitter                  build/stm32g4xx_hal_uart.o
HAL_HalfDuplex_Init                               build/stm32g4xx_hal_uart.o
HAL_IncTick                                       build/stm32g4xx_hal.o
                                                  build/stm32g4xx_it.o
HAL_Init                                          build/stm32g4xx_hal.o
                                                  build/main.o
HAL_InitTick                                      build/stm32g4xx_hal.o
                                                  build/stm32g4xx_hal_rcc.o
HAL_LIN_Init                                      build/stm32g4xx_hal_uart.o
HAL_LIN_SendBreak                                 build/stm32g4xx_hal_uart.o
HAL_MPU_ConfigRegion                              build/stm32g4xx_hal_cortex.o
HAL_MPU_Disable                                   build/stm32g4xx_hal_cortex.o
HAL_MPU_DisableRegion                             build/stm32g4xx_hal_cortex.o
HAL_MPU_Enable                                    build/stm32g4xx_hal_cortex.o
HAL_MPU_EnableRegion                              build/stm32g4xx_hal_cortex.o
HAL_MspDeInit                                     build/stm32g4xx_hal.o
HAL_MspInit                                       build/stm32g4xx_hal_msp.o
HAL_MultiProcessorEx_AddressLength_Set            build/stm32g4xx_hal_uart_ex.o
HAL_MultiProcessor_DisableMuteMode                build/stm32g4xx_hal_uart.o
HAL_MultiProcessor_EnableMuteMode                 build/stm32g4xx_hal_uart.o
HAL_MultiProcessor_EnterMuteMode                  build/stm32g4xx_hal_uart.o
HAL_MultiProcessor_Init                           build/stm32g4xx_hal_uart.o
HAL_NVIC_ClearPendingIRQ                          build/stm32g4xx_hal_cortex.o
HAL_NVIC_DisableIRQ                               build/stm32g4xx_hal_cortex.o
HAL_NVIC_EnableIRQ                                build/stm32g4xx_hal_cortex.o
                                                  build/stm32g4xx_hal_msp.o
HAL_NVIC_GetActive                                build/stm32g4xx_hal_cortex.o
HAL_NVIC_GetPendingIRQ                            build/stm32g4xx_hal_cortex.o
HAL_NVIC_GetPriority                              build/stm32g4xx_hal_cortex.o
HAL_NVIC_GetPriorityGrouping                      build/stm32g4xx_hal_cortex.o
HAL_NVIC_SetPendingIRQ                            build/stm32g4xx_hal_cortex.o
HAL_NVIC_SetPriority                              build/stm32g4xx_hal_cortex.o
                                                  build/stm32g4xx_hal.o
                                                  build/stm32g4xx_hal_msp.o
HAL_NVIC_SetPriorityGrouping                      build/stm32g4xx_hal_cortex.o
                                                  build/stm32g4xx_hal.o
HAL_NVIC_SystemReset                              build/stm32g4xx_hal_cortex.o
HAL_PCDEx_ActivateBCD                             build/stm32g4xx_hal_pcd_ex.o
HAL_PCDEx_ActivateLPM                             build/stm32g4xx_hal_pcd_ex.o
                                                  build/stm32g4xx_hal_pcd.o
HAL_PCDEx_BCD_Callback                            build/stm32g4xx_hal_pcd_ex.o
HAL_PCDEx_BCD_VBUSDetect                          build/stm32g4xx_hal_pcd_ex.o
HAL_PCDEx_DeActivateBCD                           build/stm32g4xx_hal_pcd_ex.o
HAL_PCDEx_DeActivateLPM                           build/stm32g4xx_hal_pcd_ex.o
HAL_PCDEx_LPM_Callback                            build/stm32g4xx_hal_pcd_ex.o
                                                  build/stm32g4xx_hal_pcd.o
HAL_PCDEx_PMAConfig                               build/stm32g4xx_hal_pcd_ex.o
HAL_PCD_ActivateRemoteWakeup                      build/stm32g4xx_hal_pcd.o
HAL_PCD_ConnectCallback                           build/stm32g4xx_hal_pcd.o
HAL_PCD_DataInStageCallback                       build/stm32g4xx_hal_pcd.o
HAL_PCD_DataOutStageCallback                      build/stm32g4xx_hal_pcd.o
HAL_PCD_DeActivateRemoteWakeup                    build/stm32g4xx_hal_pcd.o
HAL_PCD_DeInit                                    build/stm32g4xx_hal_pcd.o
HAL_PCD_DevConnect                                build/stm32g4xx_hal_pcd.o
HAL_PCD_DevDisconnect                             build/stm32g4xx_hal_pcd.o
HAL_PCD_DisconnectCallback                        build/stm32g4xx_hal_pcd.o
HAL_PCD_EP_Abort                                  build/stm32g4xx_hal_pcd.o
HAL_PCD_EP_Close                                  build/stm32g4xx_hal_pcd.o
HAL_PCD_EP_ClrStall                               build/stm32g4xx_hal_pcd.o
HAL_PCD_EP_Flush                                  build/stm32g4xx_hal_pcd.o
HAL_PCD_EP_GetRxCount                             build/stm32g4xx_hal_pcd.o
HAL_PCD_EP_Open                                   build/stm32g4xx_hal_pcd.o
HAL_PCD_EP_Receive                                build/stm32g4xx_hal_pcd.o
HAL_PCD_EP_SetStall                               build/stm32g4xx_hal_pcd.o
HAL_PCD_EP_Transmit                               build/stm32g4xx_hal_pcd.o
HAL_PCD_GetState                                  build/stm32g4xx_hal_pcd.o
HAL_PCD_IRQHandler                                build/stm32g4xx_hal_pcd.o
HAL_PCD_ISOINIncompleteCallback                   build/stm32g4xx_hal_pcd.o
HAL_PCD_ISOOUTIncompleteCallback                  build/stm32g4xx_hal_pcd.o
HAL_PCD_Init                                      build/stm32g4xx_hal_pcd.o
                                                  build/main.o
HAL_PCD_MspDeInit                                 build/stm32g4xx_hal_msp.o
HAL_PCD_MspInit                                   build/stm32g4xx_hal_msp.o
HAL_PCD_ResetCallback                             build/stm32g4xx_hal_pcd.o
HAL_PCD_ResumeCallback                            build/stm32g4xx_hal_pcd.o
HAL_PCD_SOFCallback                               build/stm32g4xx_hal_pcd.o
HAL_PCD_SetAddress                                build/stm32g4xx_hal_pcd.o
HAL_PCD_SetupStageCallback                        build/stm32g4xx_hal_pcd.o
HAL_PCD_Start                                     build/stm32g4xx_hal_pcd.o
HAL_PCD_Stop                                      build/stm32g4xx_hal_pcd.o
HAL_PCD_SuspendCallback                           build/stm32g4xx_hal_pcd.o
HAL_PWREx_ConfigPVM                               build/stm32g4xx_hal_pwr_ex.o
HAL_PWREx_ControlVoltageScaling                   build/stm32g4xx_hal_pwr_ex.o
                                                  build/main.o
HAL_PWREx_DisableBatteryCharging                  build/stm32g4xx_hal_pwr_ex.o
HAL_PWREx_DisableGPIOPullDown                     build/stm32g4xx_hal_pwr_ex.o
HAL_PWREx_DisableGPIOPullUp                       build/stm32g4xx_hal_pwr_ex.o
HAL_PWREx_DisableInternalWakeUpLine               build/stm32g4xx_hal_pwr_ex.o
HAL_PWREx_DisableLowPowerRunMode                  build/stm32g4xx_hal_pwr_ex.o
                                                  build/stm32g4xx_hal_pwr.o
HAL_PWREx_DisablePVM1                             build/stm32g4xx_hal_pwr_ex.o
HAL_PWREx_DisablePVM2                             build/stm32g4xx_hal_pwr_ex.o
HAL_PWREx_DisablePVM3                             build/stm32g4xx_hal_pwr_ex.o
HAL_PWREx_DisablePVM4                             build/stm32g4xx_hal_pwr_ex.o
HAL_PWREx_DisablePullUpPullDownConfig             build/stm32g4xx_hal_pwr_ex.o
HAL_PWREx_DisableSRAM2ContentRetention            build/stm32g4xx_hal_pwr_ex.o
HAL_PWREx_DisableUCPDDeadBattery                  build/stm32g4xx_hal_pwr_ex.o
                                                  build/stm32g4xx_hal_msp.o
HAL_PWREx_DisableUCPDStandbyMode                  build/stm32g4xx_hal_pwr_ex.o
HAL_PWREx_EnableBatteryCharging                   build/stm32g4xx_hal_pwr_ex.o
HAL_PWREx_EnableGPIOPullDown                      build/stm32g4xx_hal_pwr_ex.o
HAL_PWREx_EnableGPIOPullUp                        build/stm32g4xx_hal_pwr_ex.o
HAL_PWREx_EnableInternalWakeUpLine                build/stm32g4xx_hal_pwr_ex.o
HAL_PWREx_EnableLowPowerRunMode                   build/stm32g4xx_hal_pwr_ex.o
                                                  build/stm32g4xx_hal_pwr.o
HAL_PWREx_EnablePVM1                              build/stm32g4xx_hal_pwr_ex.o
HAL_PWREx_EnablePVM2                              build/stm32g4xx_hal_pwr_ex.o
HAL_PWREx_EnablePVM3                              build/stm32g4xx_hal_pwr_ex.o
HAL_PWREx_EnablePVM4                              build/stm32g4xx_hal_pwr_ex.o
HAL_PWREx_EnablePullUpPullDownConfig              build/stm32g4xx_hal_pwr_ex.o
HAL_PWREx_EnableSRAM2ContentRetention             build/stm32g4xx_hal_pwr_ex.o
HAL_PWREx_EnableUCPDDeadBattery                   build/stm32g4xx_hal_pwr_ex.o
HAL_PWREx_EnableUCPDStandbyMode                   build/stm32g4xx_hal_pwr_ex.o
HAL_PWREx_EnterSHUTDOWNMode                       build/stm32g4xx_hal_pwr_ex.o
HAL_PWREx_EnterSTOP0Mode                          build/stm32g4xx_hal_pwr_ex.o
                                                  build/stm32g4xx_hal_pwr.o
HAL_PWREx_EnterSTOP1Mode                          build/stm32g4xx_hal_pwr_ex.o
                                                  build/stm32g4xx_hal_pwr.o
HAL_PWREx_GetVoltageRange                         build/stm32g4xx_hal_pwr_ex.o
HAL_PWREx_PVD_PVM_IRQHandler                      build/stm32g4xx_hal_pwr_ex.o
HAL_PWREx_PVM1Callback                            build/stm32g4xx_hal_pwr_ex.o
HAL_PWREx_PVM2Callback                            build/stm32g4xx_hal_pwr_ex.o
HAL_PWREx_PVM3Callback                            build/stm32g4xx_hal_pwr_ex.o
HAL_PWREx_PVM4Callback                            build/stm32g4xx_hal_pwr_ex.o
HAL_PWR_ConfigPVD                                 build/stm32g4xx_hal_pwr.o
HAL_PWR_DeInit                                    build/stm32g4xx_hal_pwr.o
HAL_PWR_DisableBkUpAccess                         build/stm32g4xx_hal_pwr.o
                                                  build/stm32g4xx_hal_rcc_ex.o
HAL_PWR_DisablePVD                                build/stm32g4xx_hal_pwr.o
HAL_PWR_DisableSEVOnPend                          build/stm32g4xx_hal_pwr.o
HAL_PWR_DisableSleepOnExit                        build/stm32g4xx_hal_pwr.o
HAL_PWR_DisableWakeUpPin                          build/stm32g4xx_hal_pwr.o
HAL_PWR_EnableBkUpAccess                          build/stm32g4xx_hal_pwr.o
                                                  build/stm32g4xx_hal_rcc_ex.o
HAL_PWR_EnablePVD                                 build/stm32g4xx_hal_pwr.o
HAL_PWR_EnableSEVOnPend                           build/stm32g4xx_hal_pwr.o
HAL_PWR_EnableSleepOnExit                         build/stm32g4xx_hal_pwr.o
HAL_PWR_EnableWakeUpPin                           build/stm32g4xx_hal_pwr.o
HAL_PWR_EnterSLEEPMode                            build/stm32g4xx_hal_pwr.o
HAL_PWR_EnterSTANDBYMode                          build/stm32g4xx_hal_pwr.o
HAL_PWR_EnterSTOPMode                             build/stm32g4xx_hal_pwr.o
HAL_PWR_PVDCallback                               build/stm32g4xx_hal_pwr.o
                                                  build/stm32g4xx_hal_pwr_ex.o
HAL_RCCEx_CRSConfig                               build/stm32g4xx_hal_rcc_ex.o
HAL_RCCEx_CRSGetSynchronizationInfo               build/stm32g4xx_hal_rcc_ex.o
HAL_RCCEx_CRSSoftwareSynchronizationGenerate      build/stm32g4xx_hal_rcc_ex.o
HAL_RCCEx_CRSWaitSynchronization                  build/stm32g4xx_hal_rcc_ex.o
HAL_RCCEx_CRS_ErrorCallback                       build/stm32g4xx_hal_rcc_ex.o
HAL_RCCEx_CRS_ExpectedSyncCallback                build/stm32g4xx_hal_rcc_ex.o
HAL_RCCEx_CRS_IRQHandler                          build/stm32g4xx_hal_rcc_ex.o
HAL_RCCEx_CRS_SyncOkCallback                      build/stm32g4xx_hal_rcc_ex.o
HAL_RCCEx_CRS_SyncWarnCallback                    build/stm32g4xx_hal_rcc_ex.o
HAL_RCCEx_DisableLSCO                             build/stm32g4xx_hal_rcc_ex.o
HAL_RCCEx_DisableLSECSS                           build/stm32g4xx_hal_rcc_ex.o
HAL_RCCEx_EnableLSCO                              build/stm32g4xx_hal_rcc_ex.o
HAL_RCCEx_EnableLSECSS                            build/stm32g4xx_hal_rcc_ex.o
HAL_RCCEx_EnableLSECSS_IT                         build/stm32g4xx_hal_rcc_ex.o
HAL_RCCEx_GetPeriphCLKConfig                      build/stm32g4xx_hal_rcc_ex.o
HAL_RCCEx_GetPeriphCLKFreq                        build/stm32g4xx_hal_rcc_ex.o
HAL_RCCEx_LSECSS_Callback                         build/stm32g4xx_hal_rcc_ex.o
HAL_RCCEx_LSECSS_IRQHandler                       build/stm32g4xx_hal_rcc_ex.o
HAL_RCCEx_PeriphCLKConfig                         build/stm32g4xx_hal_rcc_ex.o
                                                  build/stm32g4xx_hal_msp.o
HAL_RCC_CSSCallback                               build/stm32g4xx_hal_rcc.o
HAL_RCC_ClockConfig                               build/stm32g4xx_hal_rcc.o
                                                  build/main.o
HAL_RCC_DeInit                                    build/stm32g4xx_hal_rcc.o
HAL_RCC_DisableLSECSS                             build/stm32g4xx_hal_rcc.o
HAL_RCC_EnableCSS                                 build/stm32g4xx_hal_rcc.o
HAL_RCC_EnableLSECSS                              build/stm32g4xx_hal_rcc.o
HAL_RCC_GetClockConfig                            build/stm32g4xx_hal_rcc.o
HAL_RCC_GetHCLKFreq                               build/stm32g4xx_hal_rcc.o
HAL_RCC_GetOscConfig                              build/stm32g4xx_hal_rcc.o
HAL_RCC_GetPCLK1Freq                              build/stm32g4xx_hal_rcc.o
                                                  build/stm32g4xx_hal_uart.o
                                                  build/stm32g4xx_hal_rcc_ex.o
HAL_RCC_GetPCLK2Freq                              build/stm32g4xx_hal_rcc.o
                                                  build/stm32g4xx_hal_uart.o
                                                  build/stm32g4xx_hal_rcc_ex.o
HAL_RCC_GetSysClockFreq                           build/stm32g4xx_hal_rcc.o
                                                  build/stm32g4xx_hal_uart.o
                                                  build/stm32g4xx_hal_rcc_ex.o
HAL_RCC_MCOConfig                                 build/stm32g4xx_hal_rcc.o
HAL_RCC_NMI_IRQHandler                            build/stm32g4xx_hal_rcc.o
HAL_RCC_OscConfig                                 build/stm32g4xx_hal_rcc.o
                                                  build/main.o
HAL_RS485Ex_Init                                  build/stm32g4xx_hal_uart_ex.o
                                                  build/main.o
HAL_ResumeTick                                    build/stm32g4xx_hal.o
HAL_SPIEx_FlushRxFifo                             build/stm32g4xx_hal_spi_ex.o
HAL_SPI_Abort                                     build/stm32g4xx_hal_spi.o
HAL_SPI_AbortCpltCallback                         build/stm32g4xx_hal_spi.o
HAL_SPI_Abort_IT                                  build/stm32g4xx_hal_spi.o
HAL_SPI_DMAPause                                  build/stm32g4xx_hal_spi.o
HAL_SPI_DMAResume                                 build/stm32g4xx_hal_spi.o
HAL_SPI_DMAStop                                   build/stm32g4xx_hal_spi.o
HAL_SPI_DeInit                                    build/stm32g4xx_hal_spi.o
HAL_SPI_ErrorCallback                             build/stm32g4xx_hal_spi.o
HAL_SPI_GetError                                  build/stm32g4xx_hal_spi.o
HAL_SPI_GetState                                  build/stm32g4xx_hal_spi.o
HAL_SPI_IRQHandler                                build/stm32g4xx_hal_spi.o
HAL_SPI_Init                                      build/stm32g4xx_hal_spi.o
                                                  build/main.o
HAL_SPI_MspDeInit                                 build/stm32g4xx_hal_msp.o
HAL_SPI_MspInit                                   build/stm32g4xx_hal_msp.o
HAL_SPI_Receive                                   build/stm32g4xx_hal_spi.o
HAL_SPI_Receive_DMA                               build/stm32g4xx_hal_spi.o
HAL_SPI_Receive_IT                                build/stm32g4xx_hal_spi.o
HAL_SPI_RxCpltCallback                            build/stm32g4xx_hal_spi.o
HAL_SPI_RxHalfCpltCallback                        build/stm32g4xx_hal_spi.o
HAL_SPI_Transmit                                  build/stm32g4xx_hal_spi.o
HAL_SPI_TransmitReceive                           build/stm32g4xx_hal_spi.o
HAL_SPI_TransmitReceive_DMA                       build/stm32g4xx_hal_spi.o
HAL_SPI_TransmitReceive_IT                        build/stm32g4xx_hal_spi.o
HAL_SPI_Transmit_DMA                              build/stm32g4xx_hal_spi.o
HAL_SPI_Transmit_IT                               build/stm32g4xx_hal_spi.o
HAL_SPI_TxCpltCallback                            build/stm32g4xx_hal_spi.o
HAL_SPI_TxHalfCpltCallback                        build/stm32g4xx_hal_spi.o
HAL_SPI_TxRxCpltCallback                          build/stm32g4xx_hal_spi.o
HAL_SPI_TxRxHalfCpltCallback                      build/stm32g4xx_hal_spi.o
HAL_SYSCFG_CCMSRAMErase                           build/stm32g4xx_hal.o
HAL_SYSCFG_CCMSRAM_WriteProtectionEnable          build/stm32g4xx_hal.o
HAL_SYSCFG_DisableIOSwitchBooster                 build/stm32g4xx_hal.o
HAL_SYSCFG_DisableIOSwitchVDD                     build/stm32g4xx_hal.o
HAL_SYSCFG_DisableMemorySwappingBank              build/stm32g4xx_hal.o
HAL_SYSCFG_DisableVREFBUF                         build/stm32g4xx_hal.o
HAL_SYSCFG_EnableIOSwitchBooster                  build/stm32g4xx_hal.o
HAL_SYSCFG_EnableIOSwitchVDD                      build/stm32g4xx_hal.o
HAL_SYSCFG_EnableMemorySwappingBank               build/stm32g4xx_hal.o
HAL_SYSCFG_EnableVREFBUF                          build/stm32g4xx_hal.o
HAL_SYSCFG_VREFBUF_HighImpedanceConfig            build/stm32g4xx_hal.o